Archive member included to satisfy reference by file (symbol)

c:/users/84869/onedrive/desktop/work/1.vxl/stm32cubeide_1.7.0/stm32cubeide/plugins/com.st.stm32cube.ide.mcu.externaltools.gnu-tools-for-stm32.9-2020-q2-update.win32_2.0.0.202105311346/tools/bin/../lib/gcc/arm-none-eabi/9.3.1/../../../../arm-none-eabi/lib/thumb/v7-m/nofp\libc_nano.a(lib_a-errno.o)
                              ./Core/Src/syscalls.o (__errno)
c:/users/84869/onedrive/desktop/work/1.vxl/stm32cubeide_1.7.0/stm32cubeide/plugins/com.st.stm32cube.ide.mcu.externaltools.gnu-tools-for-stm32.9-2020-q2-update.win32_2.0.0.202105311346/tools/bin/../lib/gcc/arm-none-eabi/9.3.1/../../../../arm-none-eabi/lib/thumb/v7-m/nofp\libc_nano.a(lib_a-exit.o)
                              c:/users/84869/onedrive/desktop/work/1.vxl/stm32cubeide_1.7.0/stm32cubeide/plugins/com.st.stm32cube.ide.mcu.externaltools.gnu-tools-for-stm32.9-2020-q2-update.win32_2.0.0.202105311346/tools/bin/../lib/gcc/arm-none-eabi/9.3.1/../../../../arm-none-eabi/lib/thumb/v7-m/nofp/crt0.o (exit)
c:/users/84869/onedrive/desktop/work/1.vxl/stm32cubeide_1.7.0/stm32cubeide/plugins/com.st.stm32cube.ide.mcu.externaltools.gnu-tools-for-stm32.9-2020-q2-update.win32_2.0.0.202105311346/tools/bin/../lib/gcc/arm-none-eabi/9.3.1/../../../../arm-none-eabi/lib/thumb/v7-m/nofp\libc_nano.a(lib_a-impure.o)
                              c:/users/84869/onedrive/desktop/work/1.vxl/stm32cubeide_1.7.0/stm32cubeide/plugins/com.st.stm32cube.ide.mcu.externaltools.gnu-tools-for-stm32.9-2020-q2-update.win32_2.0.0.202105311346/tools/bin/../lib/gcc/arm-none-eabi/9.3.1/../../../../arm-none-eabi/lib/thumb/v7-m/nofp\libc_nano.a(lib_a-exit.o) (_global_impure_ptr)
c:/users/84869/onedrive/desktop/work/1.vxl/stm32cubeide_1.7.0/stm32cubeide/plugins/com.st.stm32cube.ide.mcu.externaltools.gnu-tools-for-stm32.9-2020-q2-update.win32_2.0.0.202105311346/tools/bin/../lib/gcc/arm-none-eabi/9.3.1/../../../../arm-none-eabi/lib/thumb/v7-m/nofp\libc_nano.a(lib_a-init.o)
                              c:/users/84869/onedrive/desktop/work/1.vxl/stm32cubeide_1.7.0/stm32cubeide/plugins/com.st.stm32cube.ide.mcu.externaltools.gnu-tools-for-stm32.9-2020-q2-update.win32_2.0.0.202105311346/tools/bin/../lib/gcc/arm-none-eabi/9.3.1/../../../../arm-none-eabi/lib/thumb/v7-m/nofp/crt0.o (__libc_init_array)
c:/users/84869/onedrive/desktop/work/1.vxl/stm32cubeide_1.7.0/stm32cubeide/plugins/com.st.stm32cube.ide.mcu.externaltools.gnu-tools-for-stm32.9-2020-q2-update.win32_2.0.0.202105311346/tools/bin/../lib/gcc/arm-none-eabi/9.3.1/../../../../arm-none-eabi/lib/thumb/v7-m/nofp\libc_nano.a(lib_a-memset.o)
                              c:/users/84869/onedrive/desktop/work/1.vxl/stm32cubeide_1.7.0/stm32cubeide/plugins/com.st.stm32cube.ide.mcu.externaltools.gnu-tools-for-stm32.9-2020-q2-update.win32_2.0.0.202105311346/tools/bin/../lib/gcc/arm-none-eabi/9.3.1/../../../../arm-none-eabi/lib/thumb/v7-m/nofp/crt0.o (memset)
c:/users/84869/onedrive/desktop/work/1.vxl/stm32cubeide_1.7.0/stm32cubeide/plugins/com.st.stm32cube.ide.mcu.externaltools.gnu-tools-for-stm32.9-2020-q2-update.win32_2.0.0.202105311346/tools/bin/../lib/gcc/arm-none-eabi/9.3.1/../../../../arm-none-eabi/lib/thumb/v7-m/nofp\libc_nano.a(lib_a-sprintf.o)
                              ./Core/Src/uart.o (sprintf)
c:/users/84869/onedrive/desktop/work/1.vxl/stm32cubeide_1.7.0/stm32cubeide/plugins/com.st.stm32cube.ide.mcu.externaltools.gnu-tools-for-stm32.9-2020-q2-update.win32_2.0.0.202105311346/tools/bin/../lib/gcc/arm-none-eabi/9.3.1/../../../../arm-none-eabi/lib/thumb/v7-m/nofp\libc_nano.a(lib_a-strcmp.o)
                              ./Core/Src/uart.o (strcmp)
c:/users/84869/onedrive/desktop/work/1.vxl/stm32cubeide_1.7.0/stm32cubeide/plugins/com.st.stm32cube.ide.mcu.externaltools.gnu-tools-for-stm32.9-2020-q2-update.win32_2.0.0.202105311346/tools/bin/../lib/gcc/arm-none-eabi/9.3.1/../../../../arm-none-eabi/lib/thumb/v7-m/nofp\libc_nano.a(lib_a-nano-svfprintf.o)
                              c:/users/84869/onedrive/desktop/work/1.vxl/stm32cubeide_1.7.0/stm32cubeide/plugins/com.st.stm32cube.ide.mcu.externaltools.gnu-tools-for-stm32.9-2020-q2-update.win32_2.0.0.202105311346/tools/bin/../lib/gcc/arm-none-eabi/9.3.1/../../../../arm-none-eabi/lib/thumb/v7-m/nofp\libc_nano.a(lib_a-sprintf.o) (_svfprintf_r)
c:/users/84869/onedrive/desktop/work/1.vxl/stm32cubeide_1.7.0/stm32cubeide/plugins/com.st.stm32cube.ide.mcu.externaltools.gnu-tools-for-stm32.9-2020-q2-update.win32_2.0.0.202105311346/tools/bin/../lib/gcc/arm-none-eabi/9.3.1/../../../../arm-none-eabi/lib/thumb/v7-m/nofp\libc_nano.a(lib_a-nano-vfprintf_i.o)
                              c:/users/84869/onedrive/desktop/work/1.vxl/stm32cubeide_1.7.0/stm32cubeide/plugins/com.st.stm32cube.ide.mcu.externaltools.gnu-tools-for-stm32.9-2020-q2-update.win32_2.0.0.202105311346/tools/bin/../lib/gcc/arm-none-eabi/9.3.1/../../../../arm-none-eabi/lib/thumb/v7-m/nofp\libc_nano.a(lib_a-nano-svfprintf.o) (_printf_i)
[...]
Memory Configuration

Name             Origin             Length             Attributes
RAM              0x0000000020000000 0x0000000000002800 xrw
FLASH            0x0000000008000000 0x0000000000008000 xr
*default*        0x0000000000000000 0xffffffffffffffff

Linker script and memory map

LOAD c:/users/84869/onedrive/desktop/work/1.vxl/stm32cubeide_1.7.0/stm32cubeide/plugins/com.st.stm32cube.ide.mcu.externaltools.gnu-tools-for-stm32.9-2020-q2-update.win32_2.0.0.202105311346/tools/bin/../lib/gcc/arm-none-eabi/9.3.1/thumb/v7-m/nofp/crti.o
LOAD c:/users/84869/onedrive/desktop/work/1.vxl/stm32cubeide_1.7.0/stm32cubeide/plugins/com.st.stm32cube.ide.mcu.externaltools.gnu-tools-for-stm32.9-2020-q2-update.win32_2.0.0.202105311346/tools/bin/../lib/gcc/arm-none-eabi/9.3.1/thumb/v7-m/nofp/crtbegin.o
LOAD c:/users/84869/onedrive/desktop/work/1.vxl/stm32cubeide_1.7.0/stm32cubeide/plugins/com.st.stm32cube.ide.mcu.externaltools.gnu-tools-for-stm32.9-2020-q2-update.win32_2.0.0.202105311346/tools/bin/../lib/gcc/arm-none-eabi/9.3.1/../../../../arm-none-eabi/lib/thumb/v7-m/nofp/crt0.o
LOAD ./Core/Src/main.o
LOAD ./Core/Src/stm32f1xx_hal_msp.o
LOAD ./Core/Src/stm32f1xx_it.o
LOAD ./Core/Src/syscalls.o
LOAD ./Core/Src/sysmem.o
LOAD ./Core/Src/system_stm32f1xx.o
LOAD ./Core/Src/timer.o
LOAD ./Core/Src/uart.o
LOAD ./Core/Startup/startup_stm32f103c6ux.o
LOAD ./Drivers/STM32F1xx_HAL_Driver/Src/stm32f1xx_hal.o
LOAD ./Drivers/STM32F1xx_HAL_Driver/Src/stm32f1xx_hal_adc.o
LOAD ./Drivers/STM32F1xx_HAL_Driver/Src/stm32f1xx_hal_adc_ex.o
LOAD ./Drivers/STM32F1xx_HAL_Driver/Src/stm32f1xx_hal_cortex.o
LOAD ./Drivers/STM32F1xx_HAL_Driver/Src/stm32f1xx_hal_dma.o
LOAD ./Drivers/STM32F1xx_HAL_Driver/Src/stm32f1xx_hal_exti.o
LOAD ./Drivers/STM32F1xx_HAL_Driver/Src/stm32f1xx_hal_flash.o
LOAD ./Drivers/STM32F1xx_HAL_Driver/Src/stm32f1xx_hal_flash_ex.o
LOAD ./Drivers/STM32F1xx_HAL_Driver/Src/stm32f1xx_hal_gpio.o
LOAD ./Drivers/STM32F1xx_HAL_Driver/Src/stm32f1xx_hal_gpio_ex.o
LOAD ./Drivers/STM32F1xx_HAL_Driver/Src/stm32f1xx_hal_pwr.o
LOAD ./Drivers/STM32F1xx_HAL_Driver/Src/stm32f1xx_hal_rcc.o
LOAD ./Drivers/STM32F1xx_HAL_Driver/Src/stm32f1xx_hal_rcc_ex.o
LOAD ./Drivers/STM32F1xx_HAL_Driver/Src/stm32f1xx_hal_tim.o
LOAD ./Drivers/STM32F1xx_HAL_Driver/Src/stm32f1xx_hal_tim_ex.o
LOAD ./Drivers/STM32F1xx_HAL_Driver/Src/stm32f1xx_hal_uart.o
START GROUP
LOAD c:/users/84869/onedrive/desktop/work/1.vxl/stm32cubeide_1.7.0/stm32cubeide/plugins/com.st.stm32cube.ide.mcu.externaltools.gnu-tools-for-stm32.9-2020-q2-update.win32_2.0.0.202105311346/tools/bin/../lib/gcc/arm-none-eabi/9.3.1/../../../../arm-none-eabi/lib/thumb/v7-m/nofp\libc_nano.a
LOAD c:/users/84869/onedrive/desktop/work/1.vxl/stm32cubeide_1.7.0/stm32cubeide/plugins/com.st.stm32cube.ide.mcu.externaltools.gnu-tools-for-stm32.9-2020-q2-update.win32_2.0.0.202105311346/tools/bin/../lib/gcc/arm-none-eabi/9.3.1/../../../../arm-none-eabi/lib/thumb/v7-m/nofp\libm.a
END GROUP
START GROUP
LOAD c:/users/84869/onedrive/desktop/work/1.vxl/stm32cubeide_1.7.0/stm32cubeide/plugins/com.st.stm32cube.ide.mcu.externaltools.gnu-tools-for-stm32.9-2020-q2-update.win32_2.0.0.202105311346/tools/bin/../lib/gcc/arm-none-eabi/9.3.1/thumb/v7-m/nofp\libgcc.a
LOAD c:/users/84869/onedrive/desktop/work/1.vxl/stm32cubeide_1.7.0/stm32cubeide/plugins/com.st.stm32cube.ide.mcu.externaltools.gnu-tools-for-stm32.9-2020-q2-update.win32_2.0.0.202105311346/tools/bin/../lib/gcc/arm-none-eabi/9.3.1/../../../../arm-none-eabi/lib/thumb/v7-m/nofp\libc_nano.a
END GROUP
START GROUP
LOAD c:/users/84869/onedrive/desktop/work/1.vxl/stm32cubeide_1.7.0/stm32cubeide/plugins/com.st.stm32cube.ide.mcu.externaltools.gnu-tools-for-stm32.9-2020-q2-update.win32_2.0.0.202105311346/tools/bin/../lib/gcc/arm-none-eabi/9.3.1/thumb/v7-m/nofp\libgcc.a
LOAD c:/users/84869/onedrive/desktop/work/1.vxl/stm32cubeide_1.7.0/stm32cubeide/plugins/com.st.stm32cube.ide.mcu.externaltools.gnu-tools-for-stm32.9-2020-q2-update.win32_2.0.0.202105311346/tools/bin/../lib/gcc/arm-none-eabi/9.3.1/../../../../arm-none-eabi/lib/thumb/v7-m/nofp\libc_nano.a
LOAD c:/users/84869/onedrive/desktop/work/1.vxl/stm32cubeide_1.7.0/stm32cubeide/plugins/com.st.stm32cube.ide.mcu.externaltools.gnu-tools-for-stm32.9-2020-q2-update.win32_2.0.0.202105311346/tools/bin/../lib/gcc/arm-none-eabi/9.3.1/../../../../arm-none-eabi/lib/thumb/v7-m/nofp\libnosys.a
END GROUP
START GROUP
LOAD c:/users/84869/onedrive/desktop/work/1.vxl/stm32cubeide_1.7.0/stm32cubeide/plugins/com.st.stm32cube.ide.mcu.externaltools.gnu-tools-for-stm32.9-2020-q2-update.win32_2.0.0.202105311346/tools/bin/../lib/gcc/arm-none-eabi/9.3.1/thumb/v7-m/nofp\libgcc.a
LOAD c:/users/84869/onedrive/desktop/work/1.vxl/stm32cubeide_1.7.0/stm32cubeide/plugins/com.st.stm32cube.ide.mcu.externaltools.gnu-tools-for-stm32.9-2020-q2-update.win32_2.0.0.202105311346/tools/bin/../lib/gcc/arm-none-eabi/9.3.1/../../../../arm-none-eabi/lib/thumb/v7-m/nofp\libc_nano.a
LOAD c:/users/84869/onedrive/desktop/work/1.vxl/stm32cubeide_1.7.0/stm32cubeide/plugins/com.st.stm32cube.ide.mcu.externaltools.gnu-tools-for-stm32.9-2020-q2-update.win32_2.0.0.202105311346/tools/bin/../lib/gcc/arm-none-eabi/9.3.1/../../../../arm-none-eabi/lib/thumb/v7-m/nofp\libnosys.a
END GROUP
LOAD c:/users/84869/onedrive/desktop/work/1.vxl/stm32cubeide_1.7.0/stm32cubeide/plugins/com.st.stm32cube.ide.mcu.externaltools.gnu-tools-for-stm32.9-2020-q2-update.win32_2.0.0.202105311346/tools/bin/../lib/gcc/arm-none-eabi/9.3.1/thumb/v7-m/nofp/crtend.o
LOAD c:/users/84869/onedrive/desktop/work/1.vxl/stm32cubeide_1.7.0/stm32cubeide/plugins/com.st.stm32cube.ide.mcu.externaltools.gnu-tools-for-stm32.9-2020-q2-update.win32_2.0.0.202105311346/tools/bin/../lib/gcc/arm-none-eabi/9.3.1/thumb/v7-m/nofp/crtn.o
                0x0000000020002800                _estack = (ORIGIN (RAM) + LENGTH (RAM))
                0x0000000000000200                _Min_Heap_Size = 0x200
                0x0000000000000400                _Min_Stack_Size = 0x400

.isr_vector     0x0000000008000000      0x10c
                0x0000000008000000                . = ALIGN (0x4)
 *(.isr_vector)
 .isr_vector    0x0000000008000000      0x10c ./Core/Startup/startup_stm32f103c6ux.o
                0x0000000008000000                g_pfnVectors
                0x000000000800010c                . = ALIGN (0x4)

.text           0x000000000800010c     0x3ed4
                0x000000000800010c                . = ALIGN (0x4)
 *(.text)
 .text          0x000000000800010c       0x40 c:/users/84869/onedrive/desktop/work/1.vxl/stm32cubeide_1.7.0/stm32cubeide/plugins/com.st.stm32cube.ide.mcu.externaltools.gnu-tools-for-stm32.9-2020-q2-update.win32_2.0.0.202105311346/tools/bin/../lib/gcc/arm-none-eabi/9.3.1/thumb/v7-m/nofp/crtbegin.o
 .text          0x000000000800014c       0x14 c:/users/84869/onedrive/desktop/work/1.vxl/stm32cubeide_1.7.0/stm32cubeide/plugins/com.st.stm32cube.ide.mcu.externaltools.gnu-tools-for-stm32.9-2020-q2-update.win32_2.0.0.202105311346/tools/bin/../lib/gcc/arm-none-eabi/9.3.1/../../../../arm-none-eabi/lib/thumb/v7-m/nofp\libc_nano.a(lib_a-strcmp.o)
                0x000000000800014c                strcmp
 *(.text*)
 .text.main     0x0000000008000160       0xac ./Core/Src/main.o
                0x0000000008000160                main
 .text.SystemClock_Config
                0x000000000800020c       0xa0 ./Core/Src/main.o
                0x000000000800020c                SystemClock_Config
 .text.MX_ADC1_Init
                0x00000000080002ac       0x7c ./Core/Src/main.o
 .text.MX_TIM2_Init
                0x0000000008000328       0x98 ./Core/Src/main.o
 .text.MX_USART2_UART_Init
                0x00000000080003c0       0x54 ./Core/Src/main.o
 .text.MX_GPIO_Init
                0x0000000008000414       0x64 ./Core/Src/main.o
 .text.HAL_UART_RxCpltCallback
                0x0000000008000478       0x84 ./Core/Src/main.o
                0x0000000008000478                HAL_UART_RxCpltCallback
 .text.HAL_TIM_PeriodElapsedCallback
                0x00000000080004fc       0x14 ./Core/Src/main.o
                0x00000000080004fc                HAL_TIM_PeriodElapsedCallback
 .text.Error_Handler
                0x0000000008000510        0xa ./Core/Src/main.o
                0x0000000008000510                Error_Handler
 *fill*         0x000000000800051a        0x2 
 .text.HAL_MspInit
                0x000000000800051c       0x64 ./Core/Src/stm32f1xx_hal_msp.o
                0x000000000800051c                HAL_MspInit
 .text.HAL_ADC_MspInit
                0x0000000008000580       0x78 ./Core/Src/stm32f1xx_hal_msp.o
                0x0000000008000580                HAL_ADC_MspInit
 .text.HAL_TIM_Base_MspInit
                0x00000000080005f8       0x48 ./Core/Src/stm32f1xx_hal_msp.o
                0x00000000080005f8                HAL_TIM_Base_MspInit
 .text.HAL_UART_MspInit
                0x0000000008000640       0xa4 ./Core/Src/stm32f1xx_hal_msp.o
                0x0000000008000640                HAL_UART_MspInit
 .text.NMI_Handler
                0x00000000080006e4        0x6 ./Core/Src/stm32f1xx_it.o
                0x00000000080006e4                NMI_Handler
 .text.HardFault_Handler
                0x00000000080006ea        0x6 ./Core/Src/stm32f1xx_it.o
                0x00000000080006ea                HardFault_Handler
 .text.MemManage_Handler
                0x00000000080006f0        0x6 ./Core/Src/stm32f1xx_it.o
                0x00000000080006f0                MemManage_Handler
 .text.BusFault_Handler
                0x00000000080006f6        0x6 ./Core/Src/stm32f1xx_it.o
                0x00000000080006f6                BusFault_Handler
 .text.UsageFault_Handler
                0x00000000080006fc        0x6 ./Core/Src/stm32f1xx_it.o
                0x00000000080006fc                UsageFault_Handler
 .text.SVC_Handler
                0x0000000008000702        0xc ./Core/Src/stm32f1xx_it.o
                0x0000000008000702                SVC_Handler
 .text.DebugMon_Handler
                0x000000000800070e        0xc ./Core/Src/stm32f1xx_it.o
                0x000000000800070e                DebugMon_Handler
 .text.PendSV_Handler
                0x000000000800071a        0xc ./Core/Src/stm32f1xx_it.o
                0x000000000800071a                PendSV_Handler
 .text.SysTick_Handler
                0x0000000008000726        0xc ./Core/Src/stm32f1xx_it.o
                0x0000000008000726                SysTick_Handler
 *fill*         0x0000000008000732        0x2 
 .text.TIM2_IRQHandler
                0x0000000008000734       0x14 ./Core/Src/stm32f1xx_it.o
                0x0000000008000734                TIM2_IRQHandler
 .text.USART2_IRQHandler
                0x0000000008000748       0x14 ./Core/Src/stm32f1xx_it.o
                0x0000000008000748                USART2_IRQHandler
 .text._sbrk    0x000000000800075c       0x6c ./Core/Src/sysmem.o
                0x000000000800075c                _sbrk
 .text.SystemInit
                0x00000000080007c8        0xc ./Core/Src/system_stm32f1xx.o
                0x00000000080007c8                SystemInit
 .text.setTimer0
                0x00000000080007d4       0x38 ./Core/Src/timer.o
                0x00000000080007d4                setTimer0
 .text.setTimer1
                0x000000000800080c       0x38 ./Core/Src/timer.o
                0x000000000800080c                setTimer1
 .text.timer_run
                0x0000000008000844       0x5c ./Core/Src/timer.o
                0x0000000008000844                timer_run
 .text.getTimer0Flag
                0x00000000080008a0       0x14 ./Core/Src/timer.o
                0x00000000080008a0                getTimer0Flag
 .text.getTimer1Flag
                0x00000000080008b4       0x14 ./Core/Src/timer.o
                0x00000000080008b4                getTimer1Flag
 .text.command_parser_fsm
                0x00000000080008c8       0x98 ./Core/Src/uart.o
                0x00000000080008c8                command_parser_fsm
 .text.uart_communication_fsm
                0x0000000008000960       0xcc ./Core/Src/uart.o
                0x0000000008000960                uart_communication_fsm
 .text.Reset_Handler
                0x0000000008000a2c       0x48 ./Core/Startup/startup_stm32f103c6ux.o
                0x0000000008000a2c                Reset_Handler
 .text.Default_Handler
                0x0000000008000a74        0x2 ./Core/Startup/startup_stm32f103c6ux.o
                0x0000000008000a74                RTC_Alarm_IRQHandler
                0x0000000008000a74                EXTI2_IRQHandler
                0x0000000008000a74                TIM1_CC_IRQHandler
                0x0000000008000a74                PVD_IRQHandler
                0x0000000008000a74                EXTI3_IRQHandler
                0x0000000008000a74                EXTI0_IRQHandler
                0x0000000008000a74                ADC1_2_IRQHandler
                0x0000000008000a74                SPI1_IRQHandler
                0x0000000008000a74                TAMPER_IRQHandler
                0x0000000008000a74                DMA1_Channel4_IRQHandler
                0x0000000008000a74                RTC_IRQHandler
                0x0000000008000a74                DMA1_Channel7_IRQHandler
                0x0000000008000a74                CAN1_RX1_IRQHandler
                0x0000000008000a74                I2C1_EV_IRQHandler
                0x0000000008000a74                DMA1_Channel6_IRQHandler
                0x0000000008000a74                TIM3_IRQHandler
                0x0000000008000a74                RCC_IRQHandler
                0x0000000008000a74                TIM1_TRG_COM_IRQHandler
                0x0000000008000a74                DMA1_Channel1_IRQHandler
                0x0000000008000a74                Default_Handler
                0x0000000008000a74                EXTI15_10_IRQHandler
                0x0000000008000a74                EXTI9_5_IRQHandler
                0x0000000008000a74                DMA1_Channel5_IRQHandler
                0x0000000008000a74                EXTI4_IRQHandler
                0x0000000008000a74                USB_LP_CAN1_RX0_IRQHandler
                0x0000000008000a74                USB_HP_CAN1_TX_IRQHandler
                0x0000000008000a74                DMA1_Channel3_IRQHandler
                0x0000000008000a74                TIM1_UP_IRQHandler
                0x0000000008000a74                WWDG_IRQHandler
                0x0000000008000a74                TIM1_BRK_IRQHandler
                0x0000000008000a74                EXTI1_IRQHandler
                0x0000000008000a74                DMA1_Channel2_IRQHandler
                0x0000000008000a74                CAN1_SCE_IRQHandler
                0x0000000008000a74                FLASH_IRQHandler
                0x0000000008000a74                USART1_IRQHandler
                0x0000000008000a74                I2C1_ER_IRQHandler
                0x0000000008000a74                USBWakeUp_IRQHandler
 *fill*         0x0000000008000a76        0x2 
 .text.HAL_Init
                0x0000000008000a78       0x2c ./Drivers/STM32F1xx_HAL_Driver/Src/stm32f1xx_hal.o
                0x0000000008000a78                HAL_Init
 .text.HAL_InitTick
                0x0000000008000aa4       0x60 ./Drivers/STM32F1xx_HAL_Driver/Src/stm32f1xx_hal.o
                0x0000000008000aa4                HAL_InitTick
 .text.HAL_IncTick
                0x0000000008000b04       0x24 ./Drivers/STM32F1xx_HAL_Driver/Src/stm32f1xx_hal.o
                0x0000000008000b04                HAL_IncTick
 .text.HAL_GetTick
                0x0000000008000b28       0x14 ./Drivers/STM32F1xx_HAL_Driver/Src/stm32f1xx_hal.o
                0x0000000008000b28                HAL_GetTick
 .text.HAL_Delay
                0x0000000008000b3c       0x48 ./Drivers/STM32F1xx_HAL_Driver/Src/stm32f1xx_hal.o
                0x0000000008000b3c                HAL_Delay
 .text.HAL_ADC_Init
                0x0000000008000b84      0x1b0 ./Drivers/STM32F1xx_HAL_Driver/Src/stm32f1xx_hal_adc.o
                0x0000000008000b84                HAL_ADC_Init
 .text.HAL_ADC_Start
                0x0000000008000d34      0x15c ./Drivers/STM32F1xx_HAL_Driver/Src/stm32f1xx_hal_adc.o
                0x0000000008000d34                HAL_ADC_Start
 .text.HAL_ADC_GetValue
                0x0000000008000e90       0x18 ./Drivers/STM32F1xx_HAL_Driver/Src/stm32f1xx_hal_adc.o
                0x0000000008000e90                HAL_ADC_GetValue
 .text.HAL_ADC_ConfigChannel
                0x0000000008000ea8      0x1f0 ./Drivers/STM32F1xx_HAL_Driver/Src/stm32f1xx_hal_adc.o
                0x0000000008000ea8                HAL_ADC_ConfigChannel
 .text.ADC_Enable
                0x0000000008001098       0xb4 ./Drivers/STM32F1xx_HAL_Driver/Src/stm32f1xx_hal_adc.o
                0x0000000008001098                ADC_Enable
 .text.ADC_ConversionStop_Disable
                0x000000000800114c       0x82 ./Drivers/STM32F1xx_HAL_Driver/Src/stm32f1xx_hal_adc.o
                0x000000000800114c                ADC_ConversionStop_Disable
 *fill*         0x00000000080011ce        0x2 
 .text.__NVIC_SetPriorityGrouping
                0x00000000080011d0       0x48 ./Drivers/STM32F1xx_HAL_Driver/Src/stm32f1xx_hal_cortex.o
 .text.__NVIC_GetPriorityGrouping
                0x0000000008001218       0x1c ./Drivers/STM32F1xx_HAL_Driver/Src/stm32f1xx_hal_cortex.o
 .text.__NVIC_EnableIRQ
                0x0000000008001234       0x38 ./Drivers/STM32F1xx_HAL_Driver/Src/stm32f1xx_hal_cortex.o
 .text.__NVIC_SetPriority
                0x000000000800126c       0x54 ./Drivers/STM32F1xx_HAL_Driver/Src/stm32f1xx_hal_cortex.o
 .text.NVIC_EncodePriority
                0x00000000080012c0       0x64 ./Drivers/STM32F1xx_HAL_Driver/Src/stm32f1xx_hal_cortex.o
 .text.SysTick_Config
                0x0000000008001324       0x44 ./Drivers/STM32F1xx_HAL_Driver/Src/stm32f1xx_hal_cortex.o
 .text.HAL_NVIC_SetPriorityGrouping
                0x0000000008001368       0x16 ./Drivers/STM32F1xx_HAL_Driver/Src/stm32f1xx_hal_cortex.o
                0x0000000008001368                HAL_NVIC_SetPriorityGrouping
 .text.HAL_NVIC_SetPriority
                0x000000000800137e       0x38 ./Drivers/STM32F1xx_HAL_Driver/Src/stm32f1xx_hal_cortex.o
                0x000000000800137e                HAL_NVIC_SetPriority
 .text.HAL_NVIC_EnableIRQ
                0x00000000080013b6       0x1c ./Drivers/STM32F1xx_HAL_Driver/Src/stm32f1xx_hal_cortex.o
                0x00000000080013b6                HAL_NVIC_EnableIRQ
 .text.HAL_SYSTICK_Config
                0x00000000080013d2       0x18 ./Drivers/STM32F1xx_HAL_Driver/Src/stm32f1xx_hal_cortex.o
                0x00000000080013d2                HAL_SYSTICK_Config
 .text.HAL_DMA_Abort
                0x00000000080013ea       0x76 ./Drivers/STM32F1xx_HAL_Driver/Src/stm32f1xx_hal_dma.o
                0x00000000080013ea                HAL_DMA_Abort
 .text.HAL_DMA_Abort_IT
                0x0000000008001460       0xf0 ./Drivers/STM32F1xx_HAL_Driver/Src/stm32f1xx_hal_dma.o
                0x0000000008001460                HAL_DMA_Abort_IT
 .text.HAL_GPIO_Init
                0x0000000008001550      0x2f4 ./Drivers/STM32F1xx_HAL_Driver/Src/stm32f1xx_hal_gpio.o
                0x0000000008001550                HAL_GPIO_Init
 .text.HAL_GPIO_WritePin
                0x0000000008001844       0x30 ./Drivers/STM32F1xx_HAL_Driver/Src/stm32f1xx_hal_gpio.o
                0x0000000008001844                HAL_GPIO_WritePin
 .text.HAL_GPIO_TogglePin
                0x0000000008001874       0x32 ./Drivers/STM32F1xx_HAL_Driver/Src/stm32f1xx_hal_gpio.o
                0x0000000008001874                HAL_GPIO_TogglePin
 *fill*         0x00000000080018a6        0x2 
 .text.HAL_RCC_OscConfig
                0x00000000080018a8      0x500 ./Drivers/STM32F1xx_HAL_Driver/Src/stm32f1xx_hal_rcc.o
                0x00000000080018a8                HAL_RCC_OscConfig
 .text.HAL_RCC_ClockConfig
                0x0000000008001da8      0x1d4 ./Drivers/STM32F1xx_HAL_Driver/Src/stm32f1xx_hal_rcc.o
                0x0000000008001da8                HAL_RCC_ClockConfig
 .text.HAL_RCC_GetSysClockFreq
                0x0000000008001f7c       0xa8 ./Drivers/STM32F1xx_HAL_Driver/Src/stm32f1xx_hal_rcc.o
                0x0000000008001f7c                HAL_RCC_GetSysClockFreq
 .text.HAL_RCC_GetHCLKFreq
                0x0000000008002024       0x14 ./Drivers/STM32F1xx_HAL_Driver/Src/stm32f1xx_hal_rcc.o
                0x0000000008002024                HAL_RCC_GetHCLKFreq
 .text.HAL_RCC_GetPCLK1Freq
                0x0000000008002038       0x28 ./Drivers/STM32F1xx_HAL_Driver/Src/stm32f1xx_hal_rcc.o
                0x0000000008002038                HAL_RCC_GetPCLK1Freq
 .text.HAL_RCC_GetPCLK2Freq
                0x0000000008002060       0x28 ./Drivers/STM32F1xx_HAL_Driver/Src/stm32f1xx_hal_rcc.o
                0x0000000008002060                HAL_RCC_GetPCLK2Freq
 .text.RCC_Delay
                0x0000000008002088       0x3c ./Drivers/STM32F1xx_HAL_Driver/Src/stm32f1xx_hal_rcc.o
 .text.HAL_RCCEx_PeriphCLKConfig
                0x00000000080020c4      0x16c ./Drivers/STM32F1xx_HAL_Driver/Src/stm32f1xx_hal_rcc_ex.o
                0x00000000080020c4                HAL_RCCEx_PeriphCLKConfig
 .text.HAL_TIM_Base_Init
                0x0000000008002230       0x9e ./Drivers/STM32F1xx_HAL_Driver/Src/stm32f1xx_hal_tim.o
                0x0000000008002230                HAL_TIM_Base_Init
 *fill*         0x00000000080022ce        0x2 
 .text.HAL_TIM_Base_Start_IT
                0x00000000080022d0       0x98 ./Drivers/STM32F1xx_HAL_Driver/Src/stm32f1xx_hal_tim.o
                0x00000000080022d0                HAL_TIM_Base_Start_IT
 .text.HAL_TIM_IRQHandler
                0x0000000008002368      0x210 ./Drivers/STM32F1xx_HAL_Driver/Src/stm32f1xx_hal_tim.o
                0x0000000008002368                HAL_TIM_IRQHandler
 .text.HAL_TIM_ConfigClockSource
                0x0000000008002578      0x18e ./Drivers/STM32F1xx_HAL_Driver/Src/stm32f1xx_hal_tim.o
                0x0000000008002578                HAL_TIM_ConfigClockSource
 .text.HAL_TIM_OC_DelayElapsedCallback
                0x0000000008002706       0x12 ./Drivers/STM32F1xx_HAL_Driver/Src/stm32f1xx_hal_tim.o
                0x0000000008002706                HAL_TIM_OC_DelayElapsedCallback
 .text.HAL_TIM_IC_CaptureCallback
                0x0000000008002718       0x12 ./Drivers/STM32F1xx_HAL_Driver/Src/stm32f1xx_hal_tim.o
                0x0000000008002718                HAL_TIM_IC_CaptureCallback
 .text.HAL_TIM_PWM_PulseFinishedCallback
                0x000000000800272a       0x12 ./Drivers/STM32F1xx_HAL_Driver/Src/stm32f1xx_hal_tim.o
                0x000000000800272a                HAL_TIM_PWM_PulseFinishedCallback
 .text.HAL_TIM_TriggerCallback
                0x000000000800273c       0x12 ./Drivers/STM32F1xx_HAL_Driver/Src/stm32f1xx_hal_tim.o
                0x000000000800273c                HAL_TIM_TriggerCallback
 *fill*         0x000000000800274e        0x2 
 .text.TIM_Base_SetConfig
                0x0000000008002750       0xb0 ./Drivers/STM32F1xx_HAL_Driver/Src/stm32f1xx_hal_tim.o
                0x0000000008002750                TIM_Base_SetConfig
 .text.TIM_TI1_ConfigInputStage
                0x0000000008002800       0x5c ./Drivers/STM32F1xx_HAL_Driver/Src/stm32f1xx_hal_tim.o
 .text.TIM_TI2_ConfigInputStage
                0x000000000800285c       0x5e ./Drivers/STM32F1xx_HAL_Driver/Src/stm32f1xx_hal_tim.o
 .text.TIM_ITRx_SetConfig
                0x00000000080028ba       0x34 ./Drivers/STM32F1xx_HAL_Driver/Src/stm32f1xx_hal_tim.o
 .text.TIM_ETR_SetConfig
                0x00000000080028ee       0x3e ./Drivers/STM32F1xx_HAL_Driver/Src/stm32f1xx_hal_tim.o
                0x00000000080028ee                TIM_ETR_SetConfig
 .text.HAL_TIMEx_MasterConfigSynchronization
                0x000000000800292c       0xb0 ./Drivers/STM32F1xx_HAL_Driver/Src/stm32f1xx_hal_tim_ex.o
                0x000000000800292c                HAL_TIMEx_MasterConfigSynchronization
 .text.HAL_TIMEx_CommutCallback
                0x00000000080029dc       0x12 ./Drivers/STM32F1xx_HAL_Driver/Src/stm32f1xx_hal_tim_ex.o
                0x00000000080029dc                HAL_TIMEx_CommutCallback
 .text.HAL_TIMEx_BreakCallback
                0x00000000080029ee       0x12 ./Drivers/STM32F1xx_HAL_Driver/Src/stm32f1xx_hal_tim_ex.o
                0x00000000080029ee                HAL_TIMEx_BreakCallback
 .text.HAL_UART_Init
                0x0000000008002a00       0xa0 ./Drivers/STM32F1xx_HAL_Driver/Src/stm32f1xx_hal_uart.o
                0x0000000008002a00                HAL_UART_Init
 .text.HAL_UART_Transmit
                0x0000000008002aa0      0x106 ./Drivers/STM32F1xx_HAL_Driver/Src/stm32f1xx_hal_uart.o
                0x0000000008002aa0                HAL_UART_Transmit
 .text.HAL_UART_Receive_IT
                0x0000000008002ba6       0x4a ./Drivers/STM32F1xx_HAL_Driver/Src/stm32f1xx_hal_uart.o
                0x0000000008002ba6                HAL_UART_Receive_IT
 .text.HAL_UART_IRQHandler
                0x0000000008002bf0      0x524 ./Drivers/STM32F1xx_HAL_Driver/Src/stm32f1xx_hal_uart.o
                0x0000000008002bf0                HAL_UART_IRQHandler
 .text.HAL_UART_TxCpltCallback
                0x0000000008003114       0x12 ./Drivers/STM32F1xx_HAL_Driver/Src/stm32f1xx_hal_uart.o
                0x0000000008003114                HAL_UART_TxCpltCallback
 .text.HAL_UART_ErrorCallback
                0x0000000008003126       0x12 ./Drivers/STM32F1xx_HAL_Driver/Src/stm32f1xx_hal_uart.o
                0x0000000008003126                HAL_UART_ErrorCallback
 .text.HAL_UARTEx_RxEventCallback
                0x0000000008003138       0x16 ./Drivers/STM32F1xx_HAL_Driver/Src/stm32f1xx_hal_uart.o
                0x0000000008003138                HAL_UARTEx_RxEventCallback
 .text.UART_WaitOnFlagUntilTimeout
                0x000000000800314e       0xdc ./Drivers/STM32F1xx_HAL_Driver/Src/stm32f1xx_hal_uart.o
 .text.UART_Start_Receive_IT
                0x000000000800322a       0x72 ./Drivers/STM32F1xx_HAL_Driver/Src/stm32f1xx_hal_uart.o
                0x000000000800322a                UART_Start_Receive_IT
 .text.UART_EndRxTransfer
                0x000000000800329c       0xc4 ./Drivers/STM32F1xx_HAL_Driver/Src/stm32f1xx_hal_uart.o
 .text.UART_DMAAbortOnError
                0x0000000008003360       0x28 ./Drivers/STM32F1xx_HAL_Driver/Src/stm32f1xx_hal_uart.o
 .text.UART_Transmit_IT
                0x0000000008003388       0x9e ./Drivers/STM32F1xx_HAL_Driver/Src/stm32f1xx_hal_uart.o
 .text.UART_EndTransmit_IT
                0x0000000008003426       0x30 ./Drivers/STM32F1xx_HAL_Driver/Src/stm32f1xx_hal_uart.o
 .text.UART_Receive_IT
                0x0000000008003456      0x17c ./Drivers/STM32F1xx_HAL_Driver/Src/stm32f1xx_hal_uart.o
 *fill*         0x00000000080035d2        0x2 
 .text.UART_SetConfig
                0x00000000080035d4      0x11c ./Drivers/STM32F1xx_HAL_Driver/Src/stm32f1xx_hal_uart.o
 .text.__errno  0x00000000080036f0        0xc c:/users/84869/onedrive/desktop/work/1.vxl/stm32cubeide_1.7.0/stm32cubeide/plugins/com.st.stm32cube.ide.mcu.externaltools.gnu-tools-for-stm32.9-2020-q2-update.win32_2.0.0.202105311346/tools/bin/../lib/gcc/arm-none-eabi/9.3.1/../../../../arm-none-eabi/lib/thumb/v7-m/nofp\libc_nano.a(lib_a-errno.o)
                0x00000000080036f0                __errno
 .text.__libc_init_array
                0x00000000080036fc       0x48 c:/users/84869/onedrive/desktop/work/1.vxl/stm32cubeide_1.7.0/stm32cubeide/plugins/com.st.stm32cube.ide.mcu.externaltools.gnu-tools-for-stm32.9-2020-q2-update.win32_2.0.0.202105311346/tools/bin/../lib/gcc/arm-none-eabi/9.3.1/../../../../arm-none-eabi/lib/thumb/v7-m/nofp\libc_nano.a(lib_a-init.o)
                0x00000000080036fc                __libc_init_array
 .text.memset   0x0000000008003744       0x10 c:/users/84869/onedrive/desktop/work/1.vxl/stm32cubeide_1.7.0/stm32cubeide/plugins/com.st.stm32cube.ide.mcu.externaltools.gnu-tools-for-stm32.9-2020-q2-update.win32_2.0.0.202105311346/tools/bin/../lib/gcc/arm-none-eabi/9.3.1/../../../../arm-none-eabi/lib/thumb/v7-m/nofp\libc_nano.a(lib_a-memset.o)
                0x0000000008003744                memset
 .text.sprintf  0x0000000008003754       0x40 c:/users/84869/onedrive/desktop/work/1.vxl/stm32cubeide_1.7.0/stm32cubeide/plugins/com.st.stm32cube.ide.mcu.externaltools.gnu-tools-for-stm32.9-2020-q2-update.win32_2.0.0.202105311346/tools/bin/../lib/gcc/arm-none-eabi/9.3.1/../../../../arm-none-eabi/lib/thumb/v7-m/nofp\libc_nano.a(lib_a-sprintf.o)
                0x0000000008003754                siprintf
                0x0000000008003754                sprintf
 .text.__ssputs_r
                0x0000000008003794       0xb6 c:/users/84869/onedrive/desktop/work/1.vxl/stm32cubeide_1.7.0/stm32cubeide/plugins/com.st.stm32cube.ide.mcu.externaltools.gnu-tools-for-stm32.9-2020-q2-update.win32_2.0.0.202105311346/tools/bin/../lib/gcc/arm-none-eabi/9.3.1/../../../../arm-none-eabi/lib/thumb/v7-m/nofp\libc_nano.a(lib_a-nano-svfprintf.o)
                0x0000000008003794                __ssputs_r
 *fill*         0x000000000800384a        0x2 
 .text._svfprintf_r
                0x000000000800384c      0x200 c:/users/84869/onedrive/desktop/work/1.vxl/stm32cubeide_1.7.0/stm32cubeide/plugins/com.st.stm32cube.ide.mcu.externaltools.gnu-tools-for-stm32.9-2020-q2-update.win32_2.0.0.202105311346/tools/bin/../lib/gcc/arm-none-eabi/9.3.1/../../../../arm-none-eabi/lib/thumb/v7-m/nofp\libc_nano.a(lib_a-nano-svfprintf.o)
                0x000000000800384c                _svfiprintf_r
                0x000000000800384c                _svfprintf_r
 .text._printf_common
                0x0000000008003a4c       0xde c:/users/84869/onedrive/desktop/work/1.vxl/stm32cubeide_1.7.0/stm32cubeide/plugins/com.st.stm32cube.ide.mcu.externaltools.gnu-tools-for-stm32.9-2020-q2-update.win32_2.0.0.202105311346/tools/bin/../lib/gcc/arm-none-eabi/9.3.1/../../../../arm-none-eabi/lib/thumb/v7-m/nofp\libc_nano.a(lib_a-nano-vfprintf_i.o)
                0x0000000008003a4c                _printf_common
 *fill*         0x0000000008003b2a        0x2 
 .text._printf_i
                0x0000000008003b2c      0x24c c:/users/84869/onedrive/desktop/work/1.vxl/stm32cubeide_1.7.0/stm32cubeide/plugins/com.st.stm32cube.ide.mcu.externaltools.gnu-tools-for-stm32.9-2020-q2-update.win32_2.0.0.202105311346/tools/bin/../lib/gcc/arm-none-eabi/9.3.1/../../../../arm-none-eabi/lib/thumb/v7-m/nofp\libc_nano.a(lib_a-nano-vfprintf_i.o)
                0x0000000008003b2c                _printf_i
 .text.memchr   0x0000000008003d78       0x1c c:/users/84869/onedrive/desktop/work/1.vxl/stm32cubeide_1.7.0/stm32cubeide/plugins/com.st.stm32cube.ide.mcu.externaltools.gnu-tools-for-stm32.9-2020-q2-update.win32_2.0.0.202105311346/tools/bin/../lib/gcc/arm-none-eabi/9.3.1/../../../../arm-none-eabi/lib/thumb/v7-m/nofp\libc_nano.a(lib_a-memchr-stub.o)
                0x0000000008003d78                memchr
 .text.memcpy   0x0000000008003d94       0x1c c:/users/84869/onedrive/desktop/work/1.vxl/stm32cubeide_1.7.0/stm32cubeide/plugins/com.st.stm32cube.ide.mcu.externaltools.gnu-tools-for-stm32.9-2020-q2-update.win32_2.0.0.202105311346/tools/bin/../lib/gcc/arm-none-eabi/9.3.1/../../../../arm-none-eabi/lib/thumb/v7-m/nofp\libc_nano.a(lib_a-memcpy-stub.o)
                0x0000000008003d94                memcpy
 .text.memmove  0x0000000008003db0       0x34 c:/users/84869/onedrive/desktop/work/1.vxl/stm32cubeide_1.7.0/stm32cubeide/plugins/com.st.stm32cube.ide.mcu.externaltools.gnu-tools-for-stm32.9-2020-q2-update.win32_2.0.0.202105311346/tools/bin/../lib/gcc/arm-none-eabi/9.3.1/../../../../arm-none-eabi/lib/thumb/v7-m/nofp\libc_nano.a(lib_a-memmove.o)
                0x0000000008003db0                memmove
 .text._free_r  0x0000000008003de4       0x98 c:/users/84869/onedrive/desktop/work/1.vxl/stm32cubeide_1.7.0/stm32cubeide/plugins/com.st.stm32cube.ide.mcu.externaltools.gnu-tools-for-stm32.9-2020-q2-update.win32_2.0.0.202105311346/tools/bin/../lib/gcc/arm-none-eabi/9.3.1/../../../../arm-none-eabi/lib/thumb/v7-m/nofp\libc_nano.a(lib_a-nano-freer.o)
                0x0000000008003de4                _free_r
 .text._malloc_r
                0x0000000008003e7c       0xb4 c:/users/84869/onedrive/desktop/work/1.vxl/stm32cubeide_1.7.0/stm32cubeide/plugins/com.st.stm32cube.ide.mcu.externaltools.gnu-tools-for-stm32.9-2020-q2-update.win32_2.0.0.202105311346/tools/bin/../lib/gcc/arm-none-eabi/9.3.1/../../../../arm-none-eabi/lib/thumb/v7-m/nofp\libc_nano.a(lib_a-nano-mallocr.o)
                0x0000000008003e7c                _malloc_r
 .text._realloc_r
                0x0000000008003f30       0x4c c:/users/84869/onedrive/desktop/work/1.vxl/stm32cubeide_1.7.0/stm32cubeide/plugins/com.st.stm32cube.ide.mcu.externaltools.gnu-tools-for-stm32.9-2020-q2-update.win32_2.0.0.202105311346/tools/bin/../lib/gcc/arm-none-eabi/9.3.1/../../../../arm-none-eabi/lib/thumb/v7-m/nofp\libc_nano.a(lib_a-nano-reallocr.o)
                0x0000000008003f30                _realloc_r
 .text._sbrk_r  0x0000000008003f7c       0x20 c:/users/84869/onedrive/desktop/work/1.vxl/stm32cubeide_1.7.0/stm32cubeide/plugins/com.st.stm32cube.ide.mcu.externaltools.gnu-tools-for-stm32.9-2020-q2-update.win32_2.0.0.202105311346/tools/bin/../lib/gcc/arm-none-eabi/9.3.1/../../../../arm-none-eabi/lib/thumb/v7-m/nofp\libc_nano.a(lib_a-sbrkr.o)
                0x0000000008003f7c                _sbrk_r
 .text.__malloc_lock
                0x0000000008003f9c        0xc c:/users/84869/onedrive/desktop/work/1.vxl/stm32cubeide_1.7.0/stm32cubeide/plugins/com.st.stm32cube.ide.mcu.externaltools.gnu-tools-for-stm32.9-2020-q2-update.win32_2.0.0.202105311346/tools/bin/../lib/gcc/arm-none-eabi/9.3.1/../../../../arm-none-eabi/lib/thumb/v7-m/nofp\libc_nano.a(lib_a-mlock.o)
                0x0000000008003f9c                __malloc_lock
 .text.__malloc_unlock
                0x0000000008003fa8        0xc c:/users/84869/onedrive/desktop/work/1.vxl/stm32cubeide_1.7.0/stm32cubeide/plugins/com.st.stm32cube.ide.mcu.externaltools.gnu-tools-for-stm32.9-2020-q2-update.win32_2.0.0.202105311346/tools/bin/../lib/gcc/arm-none-eabi/9.3.1/../../../../arm-none-eabi/lib/thumb/v7-m/nofp\libc_nano.a(lib_a-mlock.o)
                0x0000000008003fa8                __malloc_unlock
 .text._malloc_usable_size_r
                0x0000000008003fb4       0x10 c:/users/84869/onedrive/desktop/work/1.vxl/stm32cubeide_1.7.0/stm32cubeide/plugins/com.st.stm32cube.ide.mcu.externaltools.gnu-tools-for-stm32.9-2020-q2-update.win32_2.0.0.202105311346/tools/bin/../lib/gcc/arm-none-eabi/9.3.1/../../../../arm-none-eabi/lib/thumb/v7-m/nofp\libc_nano.a(lib_a-nano-msizer.o)
                0x0000000008003fb4                _malloc_usable_size_r
 .text.__retarget_lock_acquire_recursive
                0x0000000008003fc4        0x2 c:/users/84869/onedrive/desktop/work/1.vxl/stm32cubeide_1.7.0/stm32cubeide/plugins/com.st.stm32cube.ide.mcu.externaltools.gnu-tools-for-stm32.9-2020-q2-update.win32_2.0.0.202105311346/tools/bin/../lib/gcc/arm-none-eabi/9.3.1/../../../../arm-none-eabi/lib/thumb/v7-m/nofp\libc_nano.a(lib_a-lock.o)
                0x0000000008003fc4                __retarget_lock_acquire_recursive
 .text.__retarget_lock_release_recursive
                0x0000000008003fc6        0x2 c:/users/84869/onedrive/desktop/work/1.vxl/stm32cubeide_1.7.0/stm32cubeide/plugins/com.st.stm32cube.ide.mcu.externaltools.gnu-tools-for-stm32.9-2020-q2-update.win32_2.0.0.202105311346/tools/bin/../lib/gcc/arm-none-eabi/9.3.1/../../../../arm-none-eabi/lib/thumb/v7-m/nofp\libc_nano.a(lib_a-lock.o)
                0x0000000008003fc6                __retarget_lock_release_recursive
 *(.glue_7)
 .glue_7        0x0000000008003fc8        0x0 linker stubs
 *(.glue_7t)
 .glue_7t       0x0000000008003fc8        0x0 linker stubs
 *(.eh_frame)
 .eh_frame      0x0000000008003fc8        0x0 c:/users/84869/onedrive/desktop/work/1.vxl/stm32cubeide_1.7.0/stm32cubeide/plugins/com.st.stm32cube.ide.mcu.externaltools.gnu-tools-for-stm32.9-2020-q2-update.win32_2.0.0.202105311346/tools/bin/../lib/gcc/arm-none-eabi/9.3.1/thumb/v7-m/nofp/crtbegin.o
 *(.init)
 .init          0x0000000008003fc8        0x4 c:/users/84869/onedrive/desktop/work/1.vxl/stm32cubeide_1.7.0/stm32cubeide/plugins/com.st.stm32cube.ide.mcu.externaltools.gnu-tools-for-stm32.9-2020-q2-update.win32_2.0.0.202105311346/tools/bin/../lib/gcc/arm-none-eabi/9.3.1/thumb/v7-m/nofp/crti.o
                0x0000000008003fc8                _init
 .init          0x0000000008003fcc        0x8 c:/users/84869/onedrive/desktop/work/1.vxl/stm32cubeide_1.7.0/stm32cubeide/plugins/com.st.stm32cube.ide.mcu.externaltools.gnu-tools-for-stm32.9-2020-q2-update.win32_2.0.0.202105311346/tools/bin/../lib/gcc/arm-none-eabi/9.3.1/thumb/v7-m/nofp/crtn.o
 *(.fini)
 .fini          0x0000000008003fd4        0x4 c:/users/84869/onedrive/desktop/work/1.vxl/stm32cubeide_1.7.0/stm32cubeide/plugins/com.st.stm32cube.ide.mcu.externaltools.gnu-tools-for-stm32.9-2020-q2-update.win32_2.0.0.202105311346/tools/bin/../lib/gcc/arm-none-eabi/9.3.1/thumb/v7-m/nofp/crti.o
                0x0000000008003fd4                _fini
 .fini          0x0000000008003fd8        0x8 c:/users/84869/onedrive/desktop/work/1.vxl/stm32cubeide_1.7.0/stm32cubeide/plugins/com.st.stm32cube.ide.mcu.externaltools.gnu-tools-for-stm32.9-2020-q2-update.win32_2.0.0.202105311346/tools/bin/../lib/gcc/arm-none-eabi/9.3.1/thumb/v7-m/nofp/crtn.o
                0x0000000008003fe0                . = ALIGN (0x4)
                0x0000000008003fe0                _etext = .

.vfp11_veneer   0x0000000008003fe0        0x0
 .vfp11_veneer  0x0000000008003fe0        0x0 linker stubs

.v4_bx          0x0000000008003fe0        0x0
 .v4_bx         0x0000000008003fe0        0x0 linker stubs

.iplt           0x0000000008003fe0        0x0
 .iplt          0x0000000008003fe0        0x0 c:/users/84869/onedrive/desktop/work/1.vxl/stm32cubeide_1.7.0/stm32cubeide/plugins/com.st.stm32cube.ide.mcu.externaltools.gnu-tools-for-stm32.9-2020-q2-update.win32_2.0.0.202105311346/tools/bin/../lib/gcc/arm-none-eabi/9.3.1/thumb/v7-m/nofp/crtbegin.o

.rodata         0x0000000008003fe0       0x80
                0x0000000008003fe0                . = ALIGN (0x4)
 *(.rodata)
 .rodata        0x0000000008003fe0        0xa ./Core/Src/main.o
 *fill*         0x0000000008003fea        0x2 
 .rodata        0x0000000008003fec       0x13 ./Core/Src/uart.o
 *(.rodata*)
 *fill*         0x0000000008003fff        0x1 
 .rodata.AHBPrescTable
                0x0000000008004000       0x10 ./Core/Src/system_stm32f1xx.o
                0x0000000008004000                AHBPrescTable
 .rodata.APBPrescTable
                0x0000000008004010        0x8 ./Core/Src/system_stm32f1xx.o
                0x0000000008004010                APBPrescTable
 .rodata.aPLLMULFactorTable.6329
                0x0000000008004018       0x10 ./Drivers/STM32F1xx_HAL_Driver/Src/stm32f1xx_hal_rcc.o
 .rodata.aPredivFactorTable.6330
                0x0000000008004028        0x2 ./Drivers/STM32F1xx_HAL_Driver/Src/stm32f1xx_hal_rcc.o
 .rodata._svfprintf_r.str1.1
                0x000000000800402a       0x11 c:/users/84869/onedrive/desktop/work/1.vxl/stm32cubeide_1.7.0/stm32cubeide/plugins/com.st.stm32cube.ide.mcu.externaltools.gnu-tools-for-stm32.9-2020-q2-update.win32_2.0.0.202105311346/tools/bin/../lib/gcc/arm-none-eabi/9.3.1/../../../../arm-none-eabi/lib/thumb/v7-m/nofp\libc_nano.a(lib_a-nano-svfprintf.o)
 .rodata._printf_i.str1.1
                0x000000000800403b       0x22 c:/users/84869/onedrive/desktop/work/1.vxl/stm32cubeide_1.7.0/stm32cubeide/plugins/com.st.stm32cube.ide.mcu.externaltools.gnu-tools-for-stm32.9-2020-q2-update.win32_2.0.0.202105311346/tools/bin/../lib/gcc/arm-none-eabi/9.3.1/../../../../arm-none-eabi/lib/thumb/v7-m/nofp\libc_nano.a(lib_a-nano-vfprintf_i.o)
                0x0000000008004060                . = ALIGN (0x4)
 *fill*         0x000000000800405d        0x3 

.rel.dyn        0x0000000008004060        0x0
 .rel.iplt      0x0000000008004060        0x0 c:/users/84869/onedrive/desktop/work/1.vxl/stm32cubeide_1.7.0/stm32cubeide/plugins/com.st.stm32cube.ide.mcu.externaltools.gnu-tools-for-stm32.9-2020-q2-update.win32_2.0.0.202105311346/tools/bin/../lib/gcc/arm-none-eabi/9.3.1/thumb/v7-m/nofp/crtbegin.o

.ARM.extab      0x0000000008004060        0x0
                0x0000000008004060                . = ALIGN (0x4)
 *(.ARM.extab* .gnu.linkonce.armextab.*)
                0x0000000008004060                . = ALIGN (0x4)

.ARM            0x0000000008004060        0x0
                0x0000000008004060                . = ALIGN (0x4)
                0x0000000008004060                __exidx_start = .
 *(.ARM.exidx*)
                0x0000000008004060                __exidx_end = .
                0x0000000008004060                . = ALIGN (0x4)

.preinit_array  0x0000000008004060        0x0
                0x0000000008004060                . = ALIGN (0x4)
                0x0000000008004060                PROVIDE (__preinit_array_start = .)
 *(.preinit_array*)
                0x0000000008004060                PROVIDE (__preinit_array_end = .)
                0x0000000008004060                . = ALIGN (0x4)

.init_array     0x0000000008004060        0x4
                0x0000000008004060                . = ALIGN (0x4)
                0x0000000008004060                PROVIDE (__init_array_start = .)
 *(SORT_BY_NAME(.init_array.*))
 *(.init_array*)
 .init_array    0x0000000008004060        0x4 c:/users/84869/onedrive/desktop/work/1.vxl/stm32cubeide_1.7.0/stm32cubeide/plugins/com.st.stm32cube.ide.mcu.externaltools.gnu-tools-for-stm32.9-2020-q2-update.win32_2.0.0.202105311346/tools/bin/../lib/gcc/arm-none-eabi/9.3.1/thumb/v7-m/nofp/crtbegin.o
                0x0000000008004064                PROVIDE (__init_array_end = .)
                0x0000000008004064                . = ALIGN (0x4)

.fini_array     0x0000000008004064        0x4
                0x0000000008004064                . = ALIGN (0x4)
                [!provide]                        PROVIDE (__fini_array_start = .)
 *(SORT_BY_NAME(.fini_array.*))
 *(.fini_array*)
 .fini_array    0x0000000008004064        0x4 c:/users/84869/onedrive/desktop/work/1.vxl/stm32cubeide_1.7.0/stm32cubeide/plugins/com.st.stm32cube.ide.mcu.externaltools.gnu-tools-for-stm32.9-2020-q2-update.win32_2.0.0.202105311346/tools/bin/../lib/gcc/arm-none-eabi/9.3.1/thumb/v7-m/nofp/crtbegin.o
                [!provide]                        PROVIDE (__fini_array_end = .)
                0x0000000008004068                . = ALIGN (0x4)
                0x0000000008004068                _sidata = LOADADDR (.data)

.data           0x0000000020000000       0x70 load address 0x0000000008004068
                0x0000000020000000                . = ALIGN (0x4)
                0x0000000020000000                _sdata = .
 *(.data)
 *(.data*)
 .data.SystemCoreClock
                0x0000000020000000        0x4 ./Core/Src/system_stm32f1xx.o
                0x0000000020000000                SystemCoreClock
 .data.uwTickPrio
                0x0000000020000004        0x4 ./Drivers/STM32F1xx_HAL_Driver/Src/stm32f1xx_hal.o
                0x0000000020000004                uwTickPrio
 .data.uwTickFreq
                0x0000000020000008        0x1 ./Drivers/STM32F1xx_HAL_Driver/Src/stm32f1xx_hal.o
                0x0000000020000008                uwTickFreq
 *fill*         0x0000000020000009        0x3 
 .data._impure_ptr
                0x000000002000000c        0x4 c:/users/84869/onedrive/desktop/work/1.vxl/stm32cubeide_1.7.0/stm32cubeide/plugins/com.st.stm32cube.ide.mcu.externaltools.gnu-tools-for-stm32.9-2020-q2-update.win32_2.0.0.202105311346/tools/bin/../lib/gcc/arm-none-eabi/9.3.1/../../../../arm-none-eabi/lib/thumb/v7-m/nofp\libc_nano.a(lib_a-impure.o)
                0x000000002000000c                _impure_ptr
 .data.impure_data
                0x0000000020000010       0x60 c:/users/84869/onedrive/desktop/work/1.vxl/stm32cubeide_1.7.0/stm32cubeide/plugins/com.st.stm32cube.ide.mcu.externaltools.gnu-tools-for-stm32.9-2020-q2-update.win32_2.0.0.202105311346/tools/bin/../lib/gcc/arm-none-eabi/9.3.1/../../../../arm-none-eabi/lib/thumb/v7-m/nofp\libc_nano.a(lib_a-impure.o)
 *(.RamFunc)
 *(.RamFunc*)
                0x0000000020000070                . = ALIGN (0x4)
                0x0000000020000070                _edata = .

.igot.plt       0x0000000020000070        0x0 load address 0x00000000080040d8
 .igot.plt      0x0000000020000070        0x0 c:/users/84869/onedrive/desktop/work/1.vxl/stm32cubeide_1.7.0/stm32cubeide/plugins/com.st.stm32cube.ide.mcu.externaltools.gnu-tools-for-stm32.9-2020-q2-update.win32_2.0.0.202105311346/tools/bin/../lib/gcc/arm-none-eabi/9.3.1/thumb/v7-m/nofp/crtbegin.o
                0x0000000020000070                . = ALIGN (0x4)

.bss            0x0000000020000070      0x194 load address 0x00000000080040d8
                0x0000000020000070                _sbss = .
                0x0000000020000070                __bss_start__ = _sbss
 *(.bss)
 .bss           0x0000000020000070       0x1c c:/users/84869/onedrive/desktop/work/1.vxl/stm32cubeide_1.7.0/stm32cubeide/plugins/com.st.stm32cube.ide.mcu.externaltools.gnu-tools-for-stm32.9-2020-q2-update.win32_2.0.0.202105311346/tools/bin/../lib/gcc/arm-none-eabi/9.3.1/thumb/v7-m/nofp/crtbegin.o
 *(.bss*)
 .bss.__sbrk_heap_end
                0x000000002000008c        0x4 ./Core/Src/sysmem.o
 .bss.timer0_counter
                0x0000000020000090        0x4 ./Core/Src/timer.o
                0x0000000020000090                timer0_counter
 .bss.timer0_flag
                0x0000000020000094        0x1 ./Core/Src/timer.o
                0x0000000020000094                timer0_flag
 *fill*         0x0000000020000095        0x3 
 .bss.timer1_counter
                0x0000000020000098        0x4 ./Core/Src/timer.o
                0x0000000020000098                timer1_counter
 .bss.timer1_flag
                0x000000002000009c        0x1 ./Core/Src/timer.o
                0x000000002000009c                timer1_flag
 .bss.temp      0x000000002000009d        0x1 ./Core/Src/uart.o
                0x000000002000009d                temp
 .bss.buffer_flag
                0x000000002000009e        0x1 ./Core/Src/uart.o
                0x000000002000009e                buffer_flag
 .bss.index_buffer
                0x000000002000009f        0x1 ./Core/Src/uart.o
                0x000000002000009f                index_buffer
 .bss.buffer_count
                0x00000000200000a0        0x1 ./Core/Src/uart.o
                0x00000000200000a0                buffer_count
 .bss.data_receive_idx
                0x00000000200000a1        0x1 ./Core/Src/uart.o
                0x00000000200000a1                data_receive_idx
 .bss.data_size
                0x00000000200000a2        0x1 ./Core/Src/uart.o
                0x00000000200000a2                data_size
 .bss.data_parser
                0x00000000200000a3        0x1 ./Core/Src/uart.o
                0x00000000200000a3                data_parser
 .bss.state     0x00000000200000a4        0x1 ./Core/Src/uart.o
                0x00000000200000a4                state
 *fill*         0x00000000200000a5        0x3 
 .bss.__malloc_free_list
                0x00000000200000a8        0x4 c:/users/84869/onedrive/desktop/work/1.vxl/stm32cubeide_1.7.0/stm32cubeide/plugins/com.st.stm32cube.ide.mcu.externaltools.gnu-tools-for-stm32.9-2020-q2-update.win32_2.0.0.202105311346/tools/bin/../lib/gcc/arm-none-eabi/9.3.1/../../../../arm-none-eabi/lib/thumb/v7-m/nofp\libc_nano.a(lib_a-nano-mallocr.o)
                0x00000000200000a8                __malloc_free_list
 .bss.__malloc_sbrk_start
                0x00000000200000ac        0x4 c:/users/84869/onedrive/desktop/work/1.vxl/stm32cubeide_1.7.0/stm32cubeide/plugins/com.st.stm32cube.ide.mcu.externaltools.gnu-tools-for-stm32.9-2020-q2-update.win32_2.0.0.202105311346/tools/bin/../lib/gcc/arm-none-eabi/9.3.1/../../../../arm-none-eabi/lib/thumb/v7-m/nofp\libc_nano.a(lib_a-nano-mallocr.o)
                0x00000000200000ac                __malloc_sbrk_start
 *(COMMON)
 COMMON         0x00000000200000b0       0xe0 ./Core/Src/main.o
                0x00000000200000b0                hadc1
                0x00000000200000e0                buffer
                0x0000000020000100                htim2
                0x0000000020000148                huart2
 COMMON         0x0000000020000190       0x5e ./Core/Src/uart.o
                0x0000000020000190                data_receive
                0x00000000200001b0                data
                0x00000000200001d0                data_for_transmit
 *fill*         0x00000000200001ee        0x2 
 COMMON         0x00000000200001f0        0x4 ./Drivers/STM32F1xx_HAL_Driver/Src/stm32f1xx_hal.o
                0x00000000200001f0                uwTick
 COMMON         0x00000000200001f4        0x4 c:/users/84869/onedrive/desktop/work/1.vxl/stm32cubeide_1.7.0/stm32cubeide/plugins/com.st.stm32cube.ide.mcu.externaltools.gnu-tools-for-stm32.9-2020-q2-update.win32_2.0.0.202105311346/tools/bin/../lib/gcc/arm-none-eabi/9.3.1/../../../../arm-none-eabi/lib/thumb/v7-m/nofp\libc_nano.a(lib_a-reent.o)
                0x00000000200001f4                errno
 COMMON         0x00000000200001f8        0x9 c:/users/84869/onedrive/desktop/work/1.vxl/stm32cubeide_1.7.0/stm32cubeide/plugins/com.st.stm32cube.ide.mcu.externaltools.gnu-tools-for-stm32.9-2020-q2-update.win32_2.0.0.202105311346/tools/bin/../lib/gcc/arm-none-eabi/9.3.1/../../../../arm-none-eabi/lib/thumb/v7-m/nofp\libc_nano.a(lib_a-lock.o)
                0x00000000200001f8                __lock___atexit_recursive_mutex
                0x00000000200001f9                __lock___arc4random_mutex
                0x00000000200001fa                __lock___env_recursive_mutex
                0x00000000200001fb                __lock___sinit_recursive_mutex
                0x00000000200001fc                __lock___malloc_recursive_mutex
                0x00000000200001fd                __lock___at_quick_exit_mutex
                0x00000000200001fe                __lock___dd_hash_mutex
                0x00000000200001ff                __lock___tz_mutex
                0x0000000020000200                __lock___sfp_recursive_mutex
                0x0000000020000204                . = ALIGN (0x4)
 *fill*         0x0000000020000201        0x3 
                0x0000000020000204                _ebss = .
                0x0000000020000204                __bss_end__ = _ebss

._user_heap_stack
                0x0000000020000204      0x604 load address 0x00000000080040d8
                0x0000000020000208                . = ALIGN (0x8)
 *fill*         0x0000000020000204        0x4 
                [!provide]                        PROVIDE (end = .)
                0x0000000020000208                PROVIDE (_end = .)
                0x0000000020000408                . = (. + _Min_Heap_Size)
 *fill*         0x0000000020000208      0x200 
                0x0000000020000808                . = (. + _Min_Stack_Size)
 *fill*         0x0000000020000408      0x400 
                0x0000000020000808                . = ALIGN (0x8)

/DISCARD/
 libc.a(*)
 libm.a(*)
 libgcc.a(*)

.ARM.attributes
                0x0000000000000000       0x29
 *(.ARM.attributes)
 .ARM.attributes
                0x0000000000000000       0x1d c:/users/84869/onedrive/desktop/work/1.vxl/stm32cubeide_1.7.0/stm32cubeide/plugins/com.st.stm32cube.ide.mcu.externaltools.gnu-tools-for-stm32.9-2020-q2-update.win32_2.0.0.202105311346/tools/bin/../lib/gcc/arm-none-eabi/9.3.1/thumb/v7-m/nofp/crti.o
 .ARM.attributes
                0x000000000000001d       0x2d c:/users/84869/onedrive/desktop/work/1.vxl/stm32cubeide_1.7.0/stm32cubeide/plugins/com.st.stm32cube.ide.mcu.externaltools.gnu-tools-for-stm32.9-2020-q2-update.win32_2.0.0.202105311346/tools/bin/../lib/gcc/arm-none-eabi/9.3.1/thumb/v7-m/nofp/crtbegin.o
 .ARM.attributes
                0x000000000000004a       0x2d ./Core/Src/main.o
 .ARM.attributes
                0x0000000000000077       0x2d ./Core/Src/stm32f1xx_hal_msp.o
 .ARM.attributes
                0x00000000000000a4       0x2d ./Core/Src/stm32f1xx_it.o
 .ARM.attributes
                0x00000000000000d1       0x2d ./Core/Src/sysmem.o
 .ARM.attributes
                0x00000000000000fe       0x2d ./Core/Src/system_stm32f1xx.o
 .ARM.attributes
                0x000000000000012b       0x2d ./Core/Src/timer.o
 .ARM.attributes
                0x0000000000000158       0x2d ./Core/Src/uart.o
 .ARM.attributes
                0x0000000000000185       0x21 ./Core/Startup/startup_stm32f103c6ux.o
 .ARM.attributes
                0x00000000000001a6       0x2d ./Drivers/STM32F1xx_HAL_Driver/Src/stm32f1xx_hal.o
 .ARM.attributes
                0x00000000000001d3       0x2d ./Drivers/STM32F1xx_HAL_Driver/Src/stm32f1xx_hal_adc.o
 .ARM.attributes
                0x0000000000000200       0x2d ./Drivers/STM32F1xx_HAL_Driver/Src/stm32f1xx_hal_cortex.o
 .ARM.attributes
                0x000000000000022d       0x2d ./Drivers/STM32F1xx_HAL_Driver/Src/stm32f1xx_hal_dma.o
 .ARM.attributes
                0x000000000000025a       0x2d ./Drivers/STM32F1xx_HAL_Driver/Src/stm32f1xx_hal_gpio.o
 .ARM.attributes
                0x0000000000000287       0x2d ./Drivers/STM32F1xx_HAL_Driver/Src/stm32f1xx_hal_rcc.o
 .ARM.attributes
                0x00000000000002b4       0x2d ./Drivers/STM32F1xx_HAL_Driver/Src/stm32f1xx_hal_rcc_ex.o
 .ARM.attributes
                0x00000000000002e1       0x2d ./Drivers/STM32F1xx_HAL_Driver/Src/stm32f1xx_hal_tim.o
 .ARM.attributes
                0x000000000000030e       0x2d ./Drivers/STM32F1xx_HAL_Driver/Src/stm32f1xx_hal_tim_ex.o
 .ARM.attributes
                0x000000000000033b       0x2d ./Drivers/STM32F1xx_HAL_Driver/Src/stm32f1xx_hal_uart.o
 .ARM.attributes
                0x0000000000000368       0x2d c:/users/84869/onedrive/desktop/work/1.vxl/stm32cubeide_1.7.0/stm32cubeide/plugins/com.st.stm32cube.ide.mcu.externaltools.gnu-tools-for-stm32.9-2020-q2-update.win32_2.0.0.202105311346/tools/bin/../lib/gcc/arm-none-eabi/9.3.1/../../../../arm-none-eabi/lib/thumb/v7-m/nofp\libc_nano.a(lib_a-errno.o)
 .ARM.attributes
                0x0000000000000395       0x2d c:/users/84869/onedrive/desktop/work/1.vxl/stm32cubeide_1.7.0/stm32cubeide/plugins/com.st.stm32cube.ide.mcu.externaltools.gnu-tools-for-stm32.9-2020-q2-update.win32_2.0.0.202105311346/tools/bin/../lib/gcc/arm-none-eabi/9.3.1/../../../../arm-none-eabi/lib/thumb/v7-m/nofp\libc_nano.a(lib_a-impure.o)
 .ARM.attributes
                0x00000000000003c2       0x2d c:/users/84869/onedrive/desktop/work/1.vxl/stm32cubeide_1.7.0/stm32cubeide/plugins/com.st.stm32cube.ide.mcu.externaltools.gnu-tools-for-stm32.9-2020-q2-update.win32_2.0.0.202105311346/tools/bin/../lib/gcc/arm-none-eabi/9.3.1/../../../../arm-none-eabi/lib/thumb/v7-m/nofp\libc_nano.a(lib_a-init.o)
 .ARM.attributes
                0x00000000000003ef       0x2d c:/users/84869/onedrive/desktop/work/1.vxl/stm32cubeide_1.7.0/stm32cubeide/plugins/com.st.stm32cube.ide.mcu.externaltools.gnu-tools-for-stm32.9-2020-q2-update.win32_2.0.0.202105311346/tools/bin/../lib/gcc/arm-none-eabi/9.3.1/../../../../arm-none-eabi/lib/thumb/v7-m/nofp\libc_nano.a(lib_a-memset.o)
 .ARM.attributes
                0x000000000000041c       0x2d c:/users/84869/onedrive/desktop/work/1.vxl/stm32cubeide_1.7.0/stm32cubeide/plugins/com.st.stm32cube.ide.mcu.externaltools.gnu-tools-for-stm32.9-2020-q2-update.win32_2.0.0.202105311346/tools/bin/../lib/gcc/arm-none-eabi/9.3.1/../../../../arm-none-eabi/lib/thumb/v7-m/nofp\libc_nano.a(lib_a-sprintf.o)
 .ARM.attributes
                0x0000000000000449       0x1b c:/users/84869/onedrive/desktop/work/1.vxl/stm32cubeide_1.7.0/stm32cubeide/plugins/com.st.stm32cube.ide.mcu.externaltools.gnu-tools-for-stm32.9-2020-q2-update.win32_2.0.0.202105311346/tools/bin/../lib/gcc/arm-none-eabi/9.3.1/../../../../arm-none-eabi/lib/thumb/v7-m/nofp\libc_nano.a(lib_a-strcmp.o)
 .ARM.attributes
                0x0000000000000464       0x2d c:/users/84869/onedrive/desktop/work/1.vxl/stm32cubeide_1.7.0/stm32cubeide/plugins/com.st.stm32cube.ide.mcu.externaltools.gnu-tools-for-stm32.9-2020-q2-update.win32_2.0.0.202105311346/tools/bin/../lib/gcc/arm-none-eabi/9.3.1/../../../../arm-none-eabi/lib/thumb/v7-m/nofp\libc_nano.a(lib_a-nano-svfprintf.o)
 .ARM.attributes
                0x0000000000000491       0x2d c:/users/84869/onedrive/desktop/work/1.vxl/stm32cubeide_1.7.0/stm32cubeide/plugins/com.st.stm32cube.ide.mcu.externaltools.gnu-tools-for-stm32.9-2020-q2-update.win32_2.0.0.202105311346/tools/bin/../lib/gcc/arm-none-eabi/9.3.1/../../../../arm-none-eabi/lib/thumb/v7-m/nofp\libc_nano.a(lib_a-nano-vfprintf_i.o)
 .ARM.attributes
                0x00000000000004be       0x2d c:/users/84869/onedrive/desktop/work/1.vxl/stm32cubeide_1.7.0/stm32cubeide/plugins/com.st.stm32cube.ide.mcu.externaltools.gnu-tools-for-stm32.9-2020-q2-update.win32_2.0.0.202105311346/tools/bin/../lib/gcc/arm-none-eabi/9.3.1/../../../../arm-none-eabi/lib/thumb/v7-m/nofp\libc_nano.a(lib_a-memchr-stub.o)
 .ARM.attributes
                0x00000000000004eb       0x2d c:/users/84869/onedrive/desktop/work/1.vxl/stm32cubeide_1.7.0/stm32cubeide/plugins/com.st.stm32cube.ide.mcu.externaltools.gnu-tools-for-stm32.9-2020-q2-update.win32_2.0.0.202105311346/tools/bin/../lib/gcc/arm-none-eabi/9.3.1/../../../../arm-none-eabi/lib/thumb/v7-m/nofp\libc_nano.a(lib_a-memcpy-stub.o)
 .ARM.attributes
                0x0000000000000518       0x2d c:/users/84869/onedrive/desktop/work/1.vxl/stm32cubeide_1.7.0/stm32cubeide/plugins/com.st.stm32cube.ide.mcu.externaltools.gnu-tools-for-stm32.9-2020-q2-update.win32_2.0.0.202105311346/tools/bin/../lib/gcc/arm-none-eabi/9.3.1/../../../../arm-none-eabi/lib/thumb/v7-m/nofp\libc_nano.a(lib_a-memmove.o)
 .ARM.attributes
                0x0000000000000545       0x2d c:/users/84869/onedrive/desktop/work/1.vxl/stm32cubeide_1.7.0/stm32cubeide/plugins/com.st.stm32cube.ide.mcu.externaltools.gnu-tools-for-stm32.9-2020-q2-update.win32_2.0.0.202105311346/tools/bin/../lib/gcc/arm-none-eabi/9.3.1/../../../../arm-none-eabi/lib/thumb/v7-m/nofp\libc_nano.a(lib_a-nano-freer.o)
 .ARM.attributes
                0x0000000000000572       0x2d c:/users/84869/onedrive/desktop/work/1.vxl/stm32cubeide_1.7.0/stm32cubeide/plugins/com.st.stm32cube.ide.mcu.externaltools.gnu-tools-for-stm32.9-2020-q2-update.win32_2.0.0.202105311346/tools/bin/../lib/gcc/arm-none-eabi/9.3.1/../../../../arm-none-eabi/lib/thumb/v7-m/nofp\libc_nano.a(lib_a-nano-mallocr.o)
 .ARM.attributes
                0x000000000000059f       0x2d c:/users/84869/onedrive/desktop/work/1.vxl/stm32cubeide_1.7.0/stm32cubeide/plugins/com.st.stm32cube.ide.mcu.externaltools.gnu-tools-for-stm32.9-2020-q2-update.win32_2.0.0.202105311346/tools/bin/../lib/gcc/arm-none-eabi/9.3.1/../../../../arm-none-eabi/lib/thumb/v7-m/nofp\libc_nano.a(lib_a-nano-reallocr.o)
 .ARM.attributes
                0x00000000000005cc       0x2d c:/users/84869/onedrive/desktop/work/1.vxl/stm32cubeide_1.7.0/stm32cubeide/plugins/com.st.stm32cube.ide.mcu.externaltools.gnu-tools-for-stm32.9-2020-q2-update.win32_2.0.0.202105311346/tools/bin/../lib/gcc/arm-none-eabi/9.3.1/../../../../arm-none-eabi/lib/thumb/v7-m/nofp\libc_nano.a(lib_a-sbrkr.o)
 .ARM.attributes
                0x00000000000005f9       0x2d c:/users/84869/onedrive/desktop/work/1.vxl/stm32cubeide_1.7.0/stm32cubeide/plugins/com.st.stm32cube.ide.mcu.externaltools.gnu-tools-for-stm32.9-2020-q2-update.win32_2.0.0.202105311346/tools/bin/../lib/gcc/arm-none-eabi/9.3.1/../../../../arm-none-eabi/lib/thumb/v7-m/nofp\libc_nano.a(lib_a-mlock.o)
 .ARM.attributes
                0x0000000000000626       0x2d c:/users/84869/onedrive/desktop/work/1.vxl/stm32cubeide_1.7.0/stm32cubeide/plugins/com.st.stm32cube.ide.mcu.externaltools.gnu-tools-for-stm32.9-2020-q2-update.win32_2.0.0.202105311346/tools/bin/../lib/gcc/arm-none-eabi/9.3.1/../../../../arm-none-eabi/lib/thumb/v7-m/nofp\libc_nano.a(lib_a-nano-msizer.o)
 .ARM.attributes
                0x0000000000000653       0x2d c:/users/84869/onedrive/desktop/work/1.vxl/stm32cubeide_1.7.0/stm32cubeide/plugins/com.st.stm32cube.ide.mcu.externaltools.gnu-tools-for-stm32.9-2020-q2-update.win32_2.0.0.202105311346/tools/bin/../lib/gcc/arm-none-eabi/9.3.1/../../../../arm-none-eabi/lib/thumb/v7-m/nofp\libc_nano.a(lib_a-reent.o)
 .ARM.attributes
                0x0000000000000680       0x2d c:/users/84869/onedrive/desktop/work/1.vxl/stm32cubeide_1.7.0/stm32cubeide/plugins/com.st.stm32cube.ide.mcu.externaltools.gnu-tools-for-stm32.9-2020-q2-update.win32_2.0.0.202105311346/tools/bin/../lib/gcc/arm-none-eabi/9.3.1/../../../../arm-none-eabi/lib/thumb/v7-m/nofp\libc_nano.a(lib_a-lock.o)
 .ARM.attributes
                0x00000000000006ad       0x1d c:/users/84869/onedrive/desktop/work/1.vxl/stm32cubeide_1.7.0/stm32cubeide/plugins/com.st.stm32cube.ide.mcu.externaltools.gnu-tools-for-stm32.9-2020-q2-update.win32_2.0.0.202105311346/tools/bin/../lib/gcc/arm-none-eabi/9.3.1/thumb/v7-m/nofp/crtn.o
OUTPUT(Lab5.elf elf32-littlearm)
LOAD linker stubs
LOAD c:/users/84869/onedrive/desktop/work/1.vxl/stm32cubeide_1.7.0/stm32cubeide/plugins/com.st.stm32cube.ide.mcu.externaltools.gnu-tools-for-stm32.9-2020-q2-update.win32_2.0.0.202105311346/tools/bin/../lib/gcc/arm-none-eabi/9.3.1/../../../../arm-none-eabi/lib/thumb/v7-m/nofp\libc.a
LOAD c:/users/84869/onedrive/desktop/work/1.vxl/stm32cubeide_1.7.0/stm32cubeide/plugins/com.st.stm32cube.ide.mcu.externaltools.gnu-tools-for-stm32.9-2020-q2-update.win32_2.0.0.202105311346/tools/bin/../lib/gcc/arm-none-eabi/9.3.1/../../../../arm-none-eabi/lib/thumb/v7-m/nofp\libm.a
LOAD c:/users/84869/onedrive/desktop/work/1.vxl/stm32cubeide_1.7.0/stm32cubeide/plugins/com.st.stm32cube.ide.mcu.externaltools.gnu-tools-for-stm32.9-2020-q2-update.win32_2.0.0.202105311346/tools/bin/../lib/gcc/arm-none-eabi/9.3.1/thumb/v7-m/nofp\libgcc.a

.debug_info     0x0000000000000000    0x105bf
 .debug_info    0x0000000000000000     0x1a68 ./Core/Src/main.o
 .debug_info    0x0000000000001a68     0x108d ./Core/Src/stm32f1xx_hal_msp.o
 .debug_info    0x0000000000002af5      0xa4b ./Core/Src/stm32f1xx_it.o
 .debug_info    0x0000000000003540      0xa25 ./Core/Src/sysmem.o
 .debug_info    0x0000000000003f65      0x2be ./Core/Src/system_stm32f1xx.o
 .debug_info    0x0000000000004223      0x106 ./Core/Src/timer.o
 .debug_info    0x0000000000004329     0x125b ./Core/Src/uart.o
 .debug_info    0x0000000000005584       0x22 ./Core/Startup/startup_stm32f103c6ux.o
 .debug_info    0x00000000000055a6      0x74c ./Drivers/STM32F1xx_HAL_Driver/Src/stm32f1xx_hal.o
 .debug_info    0x0000000000005cf2      0xd52 ./Drivers/STM32F1xx_HAL_Driver/Src/stm32f1xx_hal_adc.o
 .debug_info    0x0000000000006a44      0xbbe ./Drivers/STM32F1xx_HAL_Driver/Src/stm32f1xx_hal_cortex.o
 .debug_info    0x0000000000007602      0x823 ./Drivers/STM32F1xx_HAL_Driver/Src/stm32f1xx_hal_dma.o
 .debug_info    0x0000000000007e25      0x701 ./Drivers/STM32F1xx_HAL_Driver/Src/stm32f1xx_hal_gpio.o
 .debug_info    0x0000000000008526      0x893 ./Drivers/STM32F1xx_HAL_Driver/Src/stm32f1xx_hal_rcc.o
 .debug_info    0x0000000000008db9      0x486 ./Drivers/STM32F1xx_HAL_Driver/Src/stm32f1xx_hal_rcc_ex.o
 .debug_info    0x000000000000923f     0x2c12 ./Drivers/STM32F1xx_HAL_Driver/Src/stm32f1xx_hal_tim.o
 .debug_info    0x000000000000be51     0x157f ./Drivers/STM32F1xx_HAL_Driver/Src/stm32f1xx_hal_tim_ex.o
 .debug_info    0x000000000000d3d0     0x31ef ./Drivers/STM32F1xx_HAL_Driver/Src/stm32f1xx_hal_uart.o

.debug_abbrev   0x0000000000000000     0x22bf
 .debug_abbrev  0x0000000000000000      0x2fd ./Core/Src/main.o
 .debug_abbrev  0x00000000000002fd      0x1c8 ./Core/Src/stm32f1xx_hal_msp.o
 .debug_abbrev  0x00000000000004c5      0x176 ./Core/Src/stm32f1xx_it.o
 .debug_abbrev  0x000000000000063b      0x1bf ./Core/Src/sysmem.o
 .debug_abbrev  0x00000000000007fa      0x14e ./Core/Src/system_stm32f1xx.o
 .debug_abbrev  0x0000000000000948       0xb9 ./Core/Src/timer.o
 .debug_abbrev  0x0000000000000a01      0x1ec ./Core/Src/uart.o
 .debug_abbrev  0x0000000000000bed       0x12 ./Core/Startup/startup_stm32f103c6ux.o
 .debug_abbrev  0x0000000000000bff      0x1ed ./Drivers/STM32F1xx_HAL_Driver/Src/stm32f1xx_hal.o
 .debug_abbrev  0x0000000000000dec      0x1fb ./Drivers/STM32F1xx_HAL_Driver/Src/stm32f1xx_hal_adc.o
 .debug_abbrev  0x0000000000000fe7      0x313 ./Drivers/STM32F1xx_HAL_Driver/Src/stm32f1xx_hal_cortex.o
 .debug_abbrev  0x00000000000012fa      0x228 ./Drivers/STM32F1xx_HAL_Driver/Src/stm32f1xx_hal_dma.o
 .debug_abbrev  0x0000000000001522      0x1e8 ./Drivers/STM32F1xx_HAL_Driver/Src/stm32f1xx_hal_gpio.o
 .debug_abbrev  0x000000000000170a      0x273 ./Drivers/STM32F1xx_HAL_Driver/Src/stm32f1xx_hal_rcc.o
 .debug_abbrev  0x000000000000197d      0x193 ./Drivers/STM32F1xx_HAL_Driver/Src/stm32f1xx_hal_rcc_ex.o
 .debug_abbrev  0x0000000000001b10      0x25e ./Drivers/STM32F1xx_HAL_Driver/Src/stm32f1xx_hal_tim.o
 .debug_abbrev  0x0000000000001d6e      0x266 ./Drivers/STM32F1xx_HAL_Driver/Src/stm32f1xx_hal_tim_ex.o
 .debug_abbrev  0x0000000000001fd4      0x2eb ./Drivers/STM32F1xx_HAL_Driver/Src/stm32f1xx_hal_uart.o

.debug_aranges  0x0000000000000000      0xda0
 .debug_aranges
                0x0000000000000000       0x60 ./Core/Src/main.o
 .debug_aranges
                0x0000000000000060       0x50 ./Core/Src/stm32f1xx_hal_msp.o
 .debug_aranges
                0x00000000000000b0       0x70 ./Core/Src/stm32f1xx_it.o
 .debug_aranges
                0x0000000000000120       0x20 ./Core/Src/sysmem.o
 .debug_aranges
                0x0000000000000140       0x28 ./Core/Src/system_stm32f1xx.o
 .debug_aranges
                0x0000000000000168       0x40 ./Core/Src/timer.o
 .debug_aranges
                0x00000000000001a8       0x28 ./Core/Src/uart.o
 .debug_aranges
                0x00000000000001d0       0x28 ./Core/Startup/startup_stm32f103c6ux.o
 .debug_aranges
                0x00000000000001f8       0xe0 ./Drivers/STM32F1xx_HAL_Driver/Src/stm32f1xx_hal.o
 .debug_aranges
                0x00000000000002d8       0xf0 ./Drivers/STM32F1xx_HAL_Driver/Src/stm32f1xx_hal_adc.o
 .debug_aranges
                0x00000000000003c8      0x100 ./Drivers/STM32F1xx_HAL_Driver/Src/stm32f1xx_hal_cortex.o
 .debug_aranges
                0x00000000000004c8       0x80 ./Drivers/STM32F1xx_HAL_Driver/Src/stm32f1xx_hal_dma.o
 .debug_aranges
                0x0000000000000548       0x58 ./Drivers/STM32F1xx_HAL_Driver/Src/stm32f1xx_hal_gpio.o
 .debug_aranges
                0x00000000000005a0       0x90 ./Drivers/STM32F1xx_HAL_Driver/Src/stm32f1xx_hal_rcc.o
 .debug_aranges
                0x0000000000000630       0x30 ./Drivers/STM32F1xx_HAL_Driver/Src/stm32f1xx_hal_rcc_ex.o
 .debug_aranges
                0x0000000000000660      0x3d0 ./Drivers/STM32F1xx_HAL_Driver/Src/stm32f1xx_hal_tim.o
 .debug_aranges
                0x0000000000000a30      0x168 ./Drivers/STM32F1xx_HAL_Driver/Src/stm32f1xx_hal_tim_ex.o
 .debug_aranges
                0x0000000000000b98      0x208 ./Drivers/STM32F1xx_HAL_Driver/Src/stm32f1xx_hal_uart.o

.debug_ranges   0x0000000000000000      0xcb8
 .debug_ranges  0x0000000000000000       0x50 ./Core/Src/main.o
 .debug_ranges  0x0000000000000050       0x40 ./Core/Src/stm32f1xx_hal_msp.o
 .debug_ranges  0x0000000000000090       0x60 ./Core/Src/stm32f1xx_it.o
 .debug_ranges  0x00000000000000f0       0x10 ./Core/Src/sysmem.o
 .debug_ranges  0x0000000000000100       0x18 ./Core/Src/system_stm32f1xx.o
 .debug_ranges  0x0000000000000118       0x30 ./Core/Src/timer.o
 .debug_ranges  0x0000000000000148       0x18 ./Core/Src/uart.o
 .debug_ranges  0x0000000000000160       0x20 ./Core/Startup/startup_stm32f103c6ux.o
 .debug_ranges  0x0000000000000180       0xd0 ./Drivers/STM32F1xx_HAL_Driver/Src/stm32f1xx_hal.o
 .debug_ranges  0x0000000000000250       0xe0 ./Drivers/STM32F1xx_HAL_Driver/Src/stm32f1xx_hal_adc.o
 .debug_ranges  0x0000000000000330       0xf0 ./Drivers/STM32F1xx_HAL_Driver/Src/stm32f1xx_hal_cortex.o
 .debug_ranges  0x0000000000000420       0x70 ./Drivers/STM32F1xx_HAL_Driver/Src/stm32f1xx_hal_dma.o
 .debug_ranges  0x0000000000000490       0x48 ./Drivers/STM32F1xx_HAL_Driver/Src/stm32f1xx_hal_gpio.o
 .debug_ranges  0x00000000000004d8       0x80 ./Drivers/STM32F1xx_HAL_Driver/Src/stm32f1xx_hal_rcc.o
 .debug_ranges  0x0000000000000558       0x20 ./Drivers/STM32F1xx_HAL_Driver/Src/stm32f1xx_hal_rcc_ex.o
 .debug_ranges  0x0000000000000578      0x3c0 ./Drivers/STM32F1xx_HAL_Driver/Src/stm32f1xx_hal_tim.o
 .debug_ranges  0x0000000000000938      0x158 ./Drivers/STM32F1xx_HAL_Driver/Src/stm32f1xx_hal_tim_ex.o
 .debug_ranges  0x0000000000000a90      0x228 ./Drivers/STM32F1xx_HAL_Driver/Src/stm32f1xx_hal_uart.o

.debug_macro    0x0000000000000000    0x187e7
 .debug_macro   0x0000000000000000      0x3a8 ./Core/Src/main.o
 .debug_macro   0x00000000000003a8      0xa9c ./Core/Src/main.o
 .debug_macro   0x0000000000000e44      0x221 ./Core/Src/main.o
 .debug_macro   0x0000000000001065       0x2e ./Core/Src/main.o
 .debug_macro   0x0000000000001093       0x22 ./Core/Src/main.o
 .debug_macro   0x00000000000010b5       0x22 ./Core/Src/main.o
 .debug_macro   0x00000000000010d7       0x8e ./Core/Src/main.o
 .debug_macro   0x0000000000001165       0x51 ./Core/Src/main.o
 .debug_macro   0x00000000000011b6      0x103 ./Core/Src/main.o
 .debug_macro   0x00000000000012b9       0x6a ./Core/Src/main.o
 .debug_macro   0x0000000000001323      0x1df ./Core/Src/main.o
 .debug_macro   0x0000000000001502       0x1c ./Core/Src/main.o
 .debug_macro   0x000000000000151e       0x22 ./Core/Src/main.o
 .debug_macro   0x0000000000001540       0xc3 ./Core/Src/main.o
 .debug_macro   0x0000000000001603      0xd23 ./Core/Src/main.o
 .debug_macro   0x0000000000002326     0xde75 ./Core/Src/main.o
 .debug_macro   0x000000000001019b       0x6d ./Core/Src/main.o
 .debug_macro   0x0000000000010208     0x348d ./Core/Src/main.o
 .debug_macro   0x0000000000013695      0x174 ./Core/Src/main.o
 .debug_macro   0x0000000000013809       0x5c ./Core/Src/main.o
 .debug_macro   0x0000000000013865      0x5bc ./Core/Src/main.o
 .debug_macro   0x0000000000013e21      0x1b7 ./Core/Src/main.o
 .debug_macro   0x0000000000013fd8      0x1cb ./Core/Src/main.o
 .debug_macro   0x00000000000141a3      0x114 ./Core/Src/main.o
 .debug_macro   0x00000000000142b7      0x1b2 ./Core/Src/main.o
 .debug_macro   0x0000000000014469       0x27 ./Core/Src/main.o
 .debug_macro   0x0000000000014490      0x12f ./Core/Src/main.o
 .debug_macro   0x00000000000145bf      0x1bc ./Core/Src/main.o
 .debug_macro   0x000000000001477b       0x34 ./Core/Src/main.o
 .debug_macro   0x00000000000147af       0x3c ./Core/Src/main.o
 .debug_macro   0x00000000000147eb       0x57 ./Core/Src/main.o
 .debug_macro   0x0000000000014842      0x46a ./Core/Src/main.o
 .debug_macro   0x0000000000014cac      0x1b5 ./Core/Src/main.o
 .debug_macro   0x0000000000014e61       0x87 ./Core/Src/main.o
 .debug_macro   0x0000000000014ee8      0x183 ./Core/Src/main.o
 .debug_macro   0x000000000001506b      0x140 ./Core/Src/main.o
 .debug_macro   0x00000000000151ab      0x8ed ./Core/Src/main.o
 .debug_macro   0x0000000000015a98      0x28e ./Core/Src/main.o
 .debug_macro   0x0000000000015d26       0x69 ./Core/Src/main.o
 .debug_macro   0x0000000000015d8f       0x10 ./Core/Src/main.o
 .debug_macro   0x0000000000015d9f       0x10 ./Core/Src/main.o
 .debug_macro   0x0000000000015daf       0x52 ./Core/Src/main.o
 .debug_macro   0x0000000000015e01       0x18 ./Core/Src/main.o
 .debug_macro   0x0000000000015e19       0x3c ./Core/Src/main.o
 .debug_macro   0x0000000000015e55       0x34 ./Core/Src/main.o
 .debug_macro   0x0000000000015e89       0x16 ./Core/Src/main.o
 .debug_macro   0x0000000000015e9f       0x43 ./Core/Src/main.o
 .debug_macro   0x0000000000015ee2       0x34 ./Core/Src/main.o
 .debug_macro   0x0000000000015f16       0x10 ./Core/Src/main.o
 .debug_macro   0x0000000000015f26       0x58 ./Core/Src/main.o
 .debug_macro   0x0000000000015f7e       0x71 ./Core/Src/main.o
 .debug_macro   0x0000000000015fef       0x1c ./Core/Src/main.o
 .debug_macro   0x000000000001600b      0x12a ./Core/Src/main.o
 .debug_macro   0x0000000000016135      0x333 ./Core/Src/main.o
 .debug_macro   0x0000000000016468       0x10 ./Core/Src/main.o
 .debug_macro   0x0000000000016478       0x35 ./Core/Src/main.o
 .debug_macro   0x00000000000164ad       0x20 ./Core/Src/main.o
 .debug_macro   0x00000000000164cd       0x16 ./Core/Src/main.o
 .debug_macro   0x00000000000164e3       0x16 ./Core/Src/main.o
 .debug_macro   0x00000000000164f9       0x29 ./Core/Src/main.o
 .debug_macro   0x0000000000016522       0x1c ./Core/Src/main.o
 .debug_macro   0x000000000001653e       0x10 ./Core/Src/main.o
 .debug_macro   0x000000000001654e       0x10 ./Core/Src/main.o
 .debug_macro   0x000000000001655e       0x1c ./Core/Src/main.o
 .debug_macro   0x000000000001657a       0x52 ./Core/Src/main.o
 .debug_macro   0x00000000000165cc       0x22 ./Core/Src/main.o
 .debug_macro   0x00000000000165ee       0x10 ./Core/Src/main.o
 .debug_macro   0x00000000000165fe       0x40 ./Core/Src/main.o
 .debug_macro   0x000000000001663e       0xd5 ./Core/Src/main.o
 .debug_macro   0x0000000000016713       0x1c ./Core/Src/main.o
 .debug_macro   0x000000000001672f       0x3d ./Core/Src/main.o
 .debug_macro   0x000000000001676c       0x16 ./Core/Src/main.o
 .debug_macro   0x0000000000016782      0x145 ./Core/Src/main.o
 .debug_macro   0x00000000000168c7      0x1c4 ./Core/Src/stm32f1xx_hal_msp.o
 .debug_macro   0x0000000000016a8b      0x1ce ./Core/Src/stm32f1xx_it.o
 .debug_macro   0x0000000000016c59       0xff ./Core/Src/sysmem.o
 .debug_macro   0x0000000000016d58      0x23b ./Core/Src/sysmem.o
 .debug_macro   0x0000000000016f93      0x1b5 ./Core/Src/system_stm32f1xx.o
 .debug_macro   0x0000000000017148       0x1a ./Core/Src/timer.o
 .debug_macro   0x0000000000017162      0x3a0 ./Core/Src/uart.o
 .debug_macro   0x0000000000017502       0xbd ./Core/Src/uart.o
 .debug_macro   0x00000000000175bf       0x56 ./Core/Src/uart.o
 .debug_macro   0x0000000000017615      0x1d9 ./Drivers/STM32F1xx_HAL_Driver/Src/stm32f1xx_hal.o
 .debug_macro   0x00000000000177ee      0x1d2 ./Drivers/STM32F1xx_HAL_Driver/Src/stm32f1xx_hal_adc.o
 .debug_macro   0x00000000000179c0      0x1b5 ./Drivers/STM32F1xx_HAL_Driver/Src/stm32f1xx_hal_cortex.o
 .debug_macro   0x0000000000017b75      0x1b5 ./Drivers/STM32F1xx_HAL_Driver/Src/stm32f1xx_hal_dma.o
 .debug_macro   0x0000000000017d2a      0x220 ./Drivers/STM32F1xx_HAL_Driver/Src/stm32f1xx_hal_gpio.o
 .debug_macro   0x0000000000017f4a      0x1c7 ./Drivers/STM32F1xx_HAL_Driver/Src/stm32f1xx_hal_rcc.o
 .debug_macro   0x0000000000018111      0x1b5 ./Drivers/STM32F1xx_HAL_Driver/Src/stm32f1xx_hal_rcc_ex.o
 .debug_macro   0x00000000000182c6      0x1b6 ./Drivers/STM32F1xx_HAL_Driver/Src/stm32f1xx_hal_tim.o
 .debug_macro   0x000000000001847c      0x1b5 ./Drivers/STM32F1xx_HAL_Driver/Src/stm32f1xx_hal_tim_ex.o
 .debug_macro   0x0000000000018631      0x1b6 ./Drivers/STM32F1xx_HAL_Driver/Src/stm32f1xx_hal_uart.o

.debug_line     0x0000000000000000    0x10a39
 .debug_line    0x0000000000000000      0xc26 ./Core/Src/main.o
 .debug_line    0x0000000000000c26      0x8a7 ./Core/Src/stm32f1xx_hal_msp.o
 .debug_line    0x00000000000014cd      0x8c1 ./Core/Src/stm32f1xx_it.o
 .debug_line    0x0000000000001d8e      0x63e ./Core/Src/sysmem.o
 .debug_line    0x00000000000023cc      0x84d ./Core/Src/system_stm32f1xx.o
 .debug_line    0x0000000000002c19       0xeb ./Core/Src/timer.o
 .debug_line    0x0000000000002d04      0xac2 ./Core/Src/uart.o
 .debug_line    0x00000000000037c6       0x86 ./Core/Startup/startup_stm32f103c6ux.o
 .debug_line    0x000000000000384c      0xa7a ./Drivers/STM32F1xx_HAL_Driver/Src/stm32f1xx_hal.o
 .debug_line    0x00000000000042c6     0x10ff ./Drivers/STM32F1xx_HAL_Driver/Src/stm32f1xx_hal_adc.o
 .debug_line    0x00000000000053c5      0xc62 ./Drivers/STM32F1xx_HAL_Driver/Src/stm32f1xx_hal_cortex.o
 .debug_line    0x0000000000006027      0xed3 ./Drivers/STM32F1xx_HAL_Driver/Src/stm32f1xx_hal_dma.o
 .debug_line    0x0000000000006efa      0xafd ./Drivers/STM32F1xx_HAL_Driver/Src/stm32f1xx_hal_gpio.o
 .debug_line    0x00000000000079f7      0xe86 ./Drivers/STM32F1xx_HAL_Driver/Src/stm32f1xx_hal_rcc.o
 .debug_line    0x000000000000887d      0x9c1 ./Drivers/STM32F1xx_HAL_Driver/Src/stm32f1xx_hal_rcc_ex.o
 .debug_line    0x000000000000923e     0x34b0 ./Drivers/STM32F1xx_HAL_Driver/Src/stm32f1xx_hal_tim.o
 .debug_line    0x000000000000c6ee     0x19a0 ./Drivers/STM32F1xx_HAL_Driver/Src/stm32f1xx_hal_tim_ex.o
 .debug_line    0x000000000000e08e     0x29ab ./Drivers/STM32F1xx_HAL_Driver/Src/stm32f1xx_hal_uart.o

.debug_str      0x0000000000000000    0x8dba3
 .debug_str     0x0000000000000000    0x8a675 ./Core/Src/main.o
                                      0x8ab5d (size before relaxing)
 .debug_str     0x000000000008a675      0x305 ./Core/Src/stm32f1xx_hal_msp.o
                                      0x868c1 (size before relaxing)
 .debug_str     0x000000000008a97a       0xdf ./Core/Src/stm32f1xx_it.o
                                      0x8647b (size before relaxing)
 .debug_str     0x000000000008aa59      0x4e9 ./Core/Src/sysmem.o
                                       0x625c (size before relaxing)
 .debug_str     0x000000000008af42       0x52 ./Core/Src/system_stm32f1xx.o
                                      0x85d28 (size before relaxing)
 .debug_str     0x000000000008af94       0x8d ./Core/Src/timer.o
                                       0x2e15 (size before relaxing)
 .debug_str     0x000000000008b021       0xf9 ./Core/Src/uart.o
                                      0x8a572 (size before relaxing)
 .debug_str     0x000000000008b11a       0x36 ./Core/Startup/startup_stm32f103c6ux.o
                                         0x70 (size before relaxing)
 .debug_str     0x000000000008b150      0x304 ./Drivers/STM32F1xx_HAL_Driver/Src/stm32f1xx_hal.o
                                      0x8637f (size before relaxing)
 .debug_str     0x000000000008b454      0x354 ./Drivers/STM32F1xx_HAL_Driver/Src/stm32f1xx_hal_adc.o
                                      0x863bf (size before relaxing)
 .debug_str     0x000000000008b7a8      0x300 ./Drivers/STM32F1xx_HAL_Driver/Src/stm32f1xx_hal_cortex.o
                                      0x86387 (size before relaxing)
 .debug_str     0x000000000008baa8      0x230 ./Drivers/STM32F1xx_HAL_Driver/Src/stm32f1xx_hal_dma.o
                                      0x86103 (size before relaxing)
 .debug_str     0x000000000008bcd8      0x31f ./Drivers/STM32F1xx_HAL_Driver/Src/stm32f1xx_hal_gpio.o
                                      0x860ec (size before relaxing)
 .debug_str     0x000000000008bff7      0x24f ./Drivers/STM32F1xx_HAL_Driver/Src/stm32f1xx_hal_rcc.o
                                      0x86125 (size before relaxing)
 .debug_str     0x000000000008c246       0xb9 ./Drivers/STM32F1xx_HAL_Driver/Src/stm32f1xx_hal_rcc_ex.o
                                      0x85eb2 (size before relaxing)
 .debug_str     0x000000000008c2ff      0xdb5 ./Drivers/STM32F1xx_HAL_Driver/Src/stm32f1xx_hal_tim.o
                                      0x870fe (size before relaxing)
 .debug_str     0x000000000008d0b4      0x4ee ./Drivers/STM32F1xx_HAL_Driver/Src/stm32f1xx_hal_tim_ex.o
                                      0x868af (size before relaxing)
 .debug_str     0x000000000008d5a2      0x601 ./Drivers/STM32F1xx_HAL_Driver/Src/stm32f1xx_hal_uart.o
                                      0x8677d (size before relaxing)

.comment        0x0000000000000000       0x53
 .comment       0x0000000000000000       0x53 ./Core/Src/main.o
                                         0x54 (size before relaxing)
 .comment       0x0000000000000053       0x54 ./Core/Src/stm32f1xx_hal_msp.o
 .comment       0x0000000000000053       0x54 ./Core/Src/stm32f1xx_it.o
 .comment       0x0000000000000053       0x54 ./Core/Src/sysmem.o
 .comment       0x0000000000000053       0x54 ./Core/Src/system_stm32f1xx.o
 .comment       0x0000000000000053       0x54 ./Core/Src/timer.o
 .comment       0x0000000000000053       0x54 ./Core/Src/uart.o
 .comment       0x0000000000000053       0x54 ./Drivers/STM32F1xx_HAL_Driver/Src/stm32f1xx_hal.o
 .comment       0x0000000000000053       0x54 ./Drivers/STM32F1xx_HAL_Driver/Src/stm32f1xx_hal_adc.o
 .comment       0x0000000000000053       0x54 ./Drivers/STM32F1xx_HAL_Driver/Src/stm32f1xx_hal_cortex.o
 .comment       0x0000000000000053       0x54 ./Drivers/STM32F1xx_HAL_Driver/Src/stm32f1xx_hal_dma.o
 .comment       0x0000000000000053       0x54 ./Drivers/STM32F1xx_HAL_Driver/Src/stm32f1xx_hal_gpio.o
 .comment       0x0000000000000053       0x54 ./Drivers/STM32F1xx_HAL_Driver/Src/stm32f1xx_hal_rcc.o
 .comment       0x0000000000000053       0x54 ./Drivers/STM32F1xx_HAL_Driver/Src/stm32f1xx_hal_rcc_ex.o
 .comment       0x0000000000000053       0x54 ./Drivers/STM32F1xx_HAL_Driver/Src/stm32f1xx_hal_tim.o
 .comment       0x0000000000000053       0x54 ./Drivers/STM32F1xx_HAL_Driver/Src/stm32f1xx_hal_tim_ex.o
 .comment       0x0000000000000053       0x54 ./Drivers/STM32F1xx_HAL_Driver/Src/stm32f1xx_hal_uart.o

.debug_frame    0x0000000000000000     0x3c34
 .debug_frame   0x0000000000000000      0x13c ./Core/Src/main.o
 .debug_frame   0x000000000000013c      0x110 ./Core/Src/stm32f1xx_hal_msp.o
 .debug_frame   0x000000000000024c      0x13c ./Core/Src/stm32f1xx_it.o
 .debug_frame   0x0000000000000388       0x34 ./Core/Src/sysmem.o
 .debug_frame   0x00000000000003bc       0x58 ./Core/Src/system_stm32f1xx.o
 .debug_frame   0x0000000000000414       0xc0 ./Core/Src/timer.o
 .debug_frame   0x00000000000004d4       0x4c ./Core/Src/uart.o
 .debug_frame   0x0000000000000520      0x334 ./Drivers/STM32F1xx_HAL_Driver/Src/stm32f1xx_hal.o
 .debug_frame   0x0000000000000854      0x40c ./Drivers/STM32F1xx_HAL_Driver/Src/stm32f1xx_hal_adc.o
 .debug_frame   0x0000000000000c60      0x428 ./Drivers/STM32F1xx_HAL_Driver/Src/stm32f1xx_hal_cortex.o
 .debug_frame   0x0000000000001088      0x208 ./Drivers/STM32F1xx_HAL_Driver/Src/stm32f1xx_hal_dma.o
 .debug_frame   0x0000000000001290      0x14c ./Drivers/STM32F1xx_HAL_Driver/Src/stm32f1xx_hal_gpio.o
 .debug_frame   0x00000000000013dc      0x218 ./Drivers/STM32F1xx_HAL_Driver/Src/stm32f1xx_hal_rcc.o
 .debug_frame   0x00000000000015f4       0x80 ./Drivers/STM32F1xx_HAL_Driver/Src/stm32f1xx_hal_rcc_ex.o
 .debug_frame   0x0000000000001674     0x11b8 ./Drivers/STM32F1xx_HAL_Driver/Src/stm32f1xx_hal_tim.o
 .debug_frame   0x000000000000282c      0x638 ./Drivers/STM32F1xx_HAL_Driver/Src/stm32f1xx_hal_tim_ex.o
 .debug_frame   0x0000000000002e64      0x944 ./Drivers/STM32F1xx_HAL_Driver/Src/stm32f1xx_hal_uart.o
 .debug_frame   0x00000000000037a8       0x20 c:/users/84869/onedrive/desktop/work/1.vxl/stm32cubeide_1.7.0/stm32cubeide/plugins/com.st.stm32cube.ide.mcu.externaltools.gnu-tools-for-stm32.9-2020-q2-update.win32_2.0.0.202105311346/tools/bin/../lib/gcc/arm-none-eabi/9.3.1/../../../../arm-none-eabi/lib/thumb/v7-m/nofp\libc_nano.a(lib_a-errno.o)
 .debug_frame   0x00000000000037c8       0x2c c:/users/84869/onedrive/desktop/work/1.vxl/stm32cubeide_1.7.0/stm32cubeide/plugins/com.st.stm32cube.ide.mcu.externaltools.gnu-tools-for-stm32.9-2020-q2-update.win32_2.0.0.202105311346/tools/bin/../lib/gcc/arm-none-eabi/9.3.1/../../../../arm-none-eabi/lib/thumb/v7-m/nofp\libc_nano.a(lib_a-init.o)
 .debug_frame   0x00000000000037f4       0x20 c:/users/84869/onedrive/desktop/work/1.vxl/stm32cubeide_1.7.0/stm32cubeide/plugins/com.st.stm32cube.ide.mcu.externaltools.gnu-tools-for-stm32.9-2020-q2-update.win32_2.0.0.202105311346/tools/bin/../lib/gcc/arm-none-eabi/9.3.1/../../../../arm-none-eabi/lib/thumb/v7-m/nofp\libc_nano.a(lib_a-memset.o)
 .debug_frame   0x0000000000003814       0x6c c:/users/84869/onedrive/desktop/work/1.vxl/stm32cubeide_1.7.0/stm32cubeide/plugins/com.st.stm32cube.ide.mcu.externaltools.gnu-tools-for-stm32.9-2020-q2-update.win32_2.0.0.202105311346/tools/bin/../lib/gcc/arm-none-eabi/9.3.1/../../../../arm-none-eabi/lib/thumb/v7-m/nofp\libc_nano.a(lib_a-sprintf.o)
 .debug_frame   0x0000000000003880       0x20 c:/users/84869/onedrive/desktop/work/1.vxl/stm32cubeide_1.7.0/stm32cubeide/plugins/com.st.stm32cube.ide.mcu.externaltools.gnu-tools-for-stm32.9-2020-q2-update.win32_2.0.0.202105311346/tools/bin/../lib/gcc/arm-none-eabi/9.3.1/../../../../arm-none-eabi/lib/thumb/v7-m/nofp\libc_nano.a(lib_a-strcmp.o)
 .debug_frame   0x00000000000038a0       0x90 c:/users/84869/onedrive/desktop/work/1.vxl/stm32cubeide_1.7.0/stm32cubeide/plugins/com.st.stm32cube.ide.mcu.externaltools.gnu-tools-for-stm32.9-2020-q2-update.win32_2.0.0.202105311346/tools/bin/../lib/gcc/arm-none-eabi/9.3.1/../../../../arm-none-eabi/lib/thumb/v7-m/nofp\libc_nano.a(lib_a-nano-svfprintf.o)
 .debug_frame   0x0000000000003930       0x60 c:/users/84869/onedrive/desktop/work/1.vxl/stm32cubeide_1.7.0/stm32cubeide/plugins/com.st.stm32cube.ide.mcu.externaltools.gnu-tools-for-stm32.9-2020-q2-update.win32_2.0.0.202105311346/tools/bin/../lib/gcc/arm-none-eabi/9.3.1/../../../../arm-none-eabi/lib/thumb/v7-m/nofp\libc_nano.a(lib_a-nano-vfprintf_i.o)
 .debug_frame   0x0000000000003990       0x28 c:/users/84869/onedrive/desktop/work/1.vxl/stm32cubeide_1.7.0/stm32cubeide/plugins/com.st.stm32cube.ide.mcu.externaltools.gnu-tools-for-stm32.9-2020-q2-update.win32_2.0.0.202105311346/tools/bin/../lib/gcc/arm-none-eabi/9.3.1/../../../../arm-none-eabi/lib/thumb/v7-m/nofp\libc_nano.a(lib_a-memchr-stub.o)
 .debug_frame   0x00000000000039b8       0x28 c:/users/84869/onedrive/desktop/work/1.vxl/stm32cubeide_1.7.0/stm32cubeide/plugins/com.st.stm32cube.ide.mcu.externaltools.gnu-tools-for-stm32.9-2020-q2-update.win32_2.0.0.202105311346/tools/bin/../lib/gcc/arm-none-eabi/9.3.1/../../../../arm-none-eabi/lib/thumb/v7-m/nofp\libc_nano.a(lib_a-memcpy-stub.o)
 .debug_frame   0x00000000000039e0       0x28 c:/users/84869/onedrive/desktop/work/1.vxl/stm32cubeide_1.7.0/stm32cubeide/plugins/com.st.stm32cube.ide.mcu.externaltools.gnu-tools-for-stm32.9-2020-q2-update.win32_2.0.0.202105311346/tools/bin/../lib/gcc/arm-none-eabi/9.3.1/../../../../arm-none-eabi/lib/thumb/v7-m/nofp\libc_nano.a(lib_a-memmove.o)
 .debug_frame   0x0000000000003a08       0x38 c:/users/84869/onedrive/desktop/work/1.vxl/stm32cubeide_1.7.0/stm32cubeide/plugins/com.st.stm32cube.ide.mcu.externaltools.gnu-tools-for-stm32.9-2020-q2-update.win32_2.0.0.202105311346/tools/bin/../lib/gcc/arm-none-eabi/9.3.1/../../../../arm-none-eabi/lib/thumb/v7-m/nofp\libc_nano.a(lib_a-nano-freer.o)
 .debug_frame   0x0000000000003a40       0x30 c:/users/84869/onedrive/desktop/work/1.vxl/stm32cubeide_1.7.0/stm32cubeide/plugins/com.st.stm32cube.ide.mcu.externaltools.gnu-tools-for-stm32.9-2020-q2-update.win32_2.0.0.202105311346/tools/bin/../lib/gcc/arm-none-eabi/9.3.1/../../../../arm-none-eabi/lib/thumb/v7-m/nofp\libc_nano.a(lib_a-nano-mallocr.o)
 .debug_frame   0x0000000000003a70       0x3c c:/users/84869/onedrive/desktop/work/1.vxl/stm32cubeide_1.7.0/stm32cubeide/plugins/com.st.stm32cube.ide.mcu.externaltools.gnu-tools-for-stm32.9-2020-q2-update.win32_2.0.0.202105311346/tools/bin/../lib/gcc/arm-none-eabi/9.3.1/../../../../arm-none-eabi/lib/thumb/v7-m/nofp\libc_nano.a(lib_a-nano-reallocr.o)
 .debug_frame   0x0000000000003aac       0x2c c:/users/84869/onedrive/desktop/work/1.vxl/stm32cubeide_1.7.0/stm32cubeide/plugins/com.st.stm32cube.ide.mcu.externaltools.gnu-tools-for-stm32.9-2020-q2-update.win32_2.0.0.202105311346/tools/bin/../lib/gcc/arm-none-eabi/9.3.1/../../../../arm-none-eabi/lib/thumb/v7-m/nofp\libc_nano.a(lib_a-sbrkr.o)
 .debug_frame   0x0000000000003ad8       0x30 c:/users/84869/onedrive/desktop/work/1.vxl/stm32cubeide_1.7.0/stm32cubeide/plugins/com.st.stm32cube.ide.mcu.externaltools.gnu-tools-for-stm32.9-2020-q2-update.win32_2.0.0.202105311346/tools/bin/../lib/gcc/arm-none-eabi/9.3.1/../../../../arm-none-eabi/lib/thumb/v7-m/nofp\libc_nano.a(lib_a-mlock.o)
 .debug_frame   0x0000000000003b08       0x20 c:/users/84869/onedrive/desktop/work/1.vxl/stm32cubeide_1.7.0/stm32cubeide/plugins/com.st.stm32cube.ide.mcu.externaltools.gnu-tools-for-stm32.9-2020-q2-update.win32_2.0.0.202105311346/tools/bin/../lib/gcc/arm-none-eabi/9.3.1/../../../../arm-none-eabi/lib/thumb/v7-m/nofp\libc_nano.a(lib_a-nano-msizer.o)
 .debug_frame   0x0000000000003b28       0x5c c:/users/84869/onedrive/desktop/work/1.vxl/stm32cubeide_1.7.0/stm32cubeide/plugins/com.st.stm32cube.ide.mcu.externaltools.gnu-tools-for-stm32.9-2020-q2-update.win32_2.0.0.202105311346/tools/bin/../lib/gcc/arm-none-eabi/9.3.1/../../../../arm-none-eabi/lib/thumb/v7-m/nofp\libc_nano.a(lib_a-reent.o)
 .debug_frame   0x0000000000003b84       0xb0 c:/users/84869/onedrive/desktop/work/1.vxl/stm32cubeide_1.7.0/stm32cubeide/plugins/com.st.stm32cube.ide.mcu.externaltools.gnu-tools-for-stm32.9-2020-q2-update.win32_2.0.0.202105311346/tools/bin/../lib/gcc/arm-none-eabi/9.3.1/../../../../arm-none-eabi/lib/thumb/v7-m/nofp\libc_nano.a(lib_a-lock.o)
